Component: ARM Compiler 5.05 update 1 (build 106) Tool: armlink [4d0efa]

==============================================================================

Section Cross References

    main.o(.text) refers to _printf_pad.o(.text) for _printf_pre_padding
    main.o(.text) refers to _printf_truncate.o(.text) for _printf_truncate_unsigned
    main.o(.text) refers to _printf_percent.o(.ARM.Collect$$_printf_percent$$00000000) for _printf_percent
    main.o(.text) refers to _printf_d.o(.ARM.Collect$$_printf_percent$$00000009) for _printf_d
    main.o(.text) refers to _printf_i.o(.ARM.Collect$$_printf_percent$$00000008) for _printf_i
    main.o(.text) refers to _printf_u.o(.ARM.Collect$$_printf_percent$$0000000A) for _printf_u
    main.o(.text) refers to _printf_o.o(.ARM.Collect$$_printf_percent$$0000000B) for _printf_o
    main.o(.text) refers to _printf_x.o(.ARM.Collect$$_printf_percent$$0000000C) for _printf_x
    main.o(.text) refers to _printf_p.o(.ARM.Collect$$_printf_percent$$00000002) for _printf_p
    main.o(.text) refers to _printf_c.o(.ARM.Collect$$_printf_percent$$00000013) for _printf_c
    main.o(.text) refers to _printf_s.o(.ARM.Collect$$_printf_percent$$00000014) for _printf_s
    main.o(.text) refers to _printf_lc.o(.ARM.Collect$$_printf_percent$$00000015) for _printf_lc
    main.o(.text) refers to _printf_n.o(.ARM.Collect$$_printf_percent$$00000001) for _printf_n
    main.o(.text) refers to _printf_charcount.o(.text) for _printf_charcount
    main.o(.text) refers to _printf_dec.o(.text) for _printf_int_dec
    main.o(.text) refers to _printf_oct_int.o(.text) for _printf_longlong_oct
    main.o(.text) refers to _printf_hex_int_ptr.o(.text) for _printf_longlong_hex
    main.o(.text) refers to _printf_str.o(.text) for _printf_str
    main.o(.text) refers to _printf_wctomb.o(.text) for _printf_wctomb
    main.o(.text) refers to delay.o(.text) for delay_init
    main.o(.text) refers to usart.o(.text) for uart_init
    main.o(.text) refers to led.o(.text) for LED_Init
    main.o(.text) refers to lcd.o(.text) for LCD_Init
    main.o(.text) refers to key_board.o(.text) for KEY_Init
    main.o(.text) refers to adc.o(.text) for Adc1_Init
    main.o(.text) refers to motor.o(.text) for Motor_PWM_Init
    main.o(.text) refers to encoder.o(.text) for Encoder_Init_TIM2
    main.o(.text) refers to noretval__2printf.o(.text) for __2printf
    main.o(.text) refers to lcd.o(.data) for POINT_COLOR
    main.o(.text) refers to lcd.o(.bss) for lcddev
    main.o(.text) refers to main.o(.data) for keyword
    main.o(.text) refers to main.o(.bss) for angle_buf
    system_stm32f10x.o(.text) refers to system_stm32f10x.o(.data) for SystemCoreClock
    led.o(.text) refers to stm32f10x_rcc.o(.text) for RCC_APB2PeriphClockCmd
    led.o(.text) refers to stm32f10x_gpio.o(.text) for GPIO_Init
    lcd.o(.text) refers to _printf_percent.o(.ARM.Collect$$_printf_percent$$00000000) for _printf_percent
    lcd.o(.text) refers to _printf_x.o(.ARM.Collect$$_printf_percent$$0000000C) for _printf_x
    lcd.o(.text) refers to _printf_hex_int_ptr.o(.text) for _printf_longlong_hex
    lcd.o(.text) refers to lcd.o(.bss) for lcddev
    lcd.o(.text) refers to dflt_clz.o(x$fpl$dfltu) for __aeabi_ui2d
    lcd.o(.text) refers to dmul.o(x$fpl$dmul) for __aeabi_dmul
    lcd.o(.text) refers to dfixu.o(x$fpl$dfixu) for __aeabi_d2uiz
    lcd.o(.text) refers to lcd.o(.data) for POINT_COLOR
    lcd.o(.text) refers to stm32f10x_rcc.o(.text) for RCC_APB2PeriphClockCmd
    lcd.o(.text) refers to stm32f10x_gpio.o(.text) for GPIO_PinRemapConfig
    lcd.o(.text) refers to delay.o(.text) for delay_ms
    lcd.o(.text) refers to noretval__2printf.o(.text) for __2printf
    lcd.o(.text) refers to lcd.o(.constdata) for asc2_1206
    lcd.o(.text) refers to strcmpv7m.o(.text) for strcmp
    adc.o(.text) refers to stm32f10x_rcc.o(.text) for RCC_APB2PeriphClockCmd
    adc.o(.text) refers to stm32f10x_gpio.o(.text) for GPIO_Init
    adc.o(.text) refers to stm32f10x_adc.o(.text) for ADC_DeInit
    encoder.o(.text) refers to stm32f10x_rcc.o(.text) for RCC_APB1PeriphClockCmd
    encoder.o(.text) refers to stm32f10x_gpio.o(.text) for GPIO_Init
    encoder.o(.text) refers to stm32f10x_tim.o(.text) for TIM_TimeBaseStructInit
    motor.o(.text) refers to stm32f10x_rcc.o(.text) for RCC_APB2PeriphClockCmd
    motor.o(.text) refers to stm32f10x_gpio.o(.text) for GPIO_Init
    motor.o(.text) refers to stm32f10x_tim.o(.text) for TIM_TimeBaseInit
    tim.o(.text) refers to stm32f10x_rcc.o(.text) for RCC_APB1PeriphClockCmd
    tim.o(.text) refers to stm32f10x_tim.o(.text) for TIM_TimeBaseInit
    tim.o(.text) refers to misc.o(.text) for NVIC_Init
    key_board.o(.text) refers to stm32f10x_rcc.o(.text) for RCC_APB2PeriphClockCmd
    key_board.o(.text) refers to stm32f10x_gpio.o(.text) for GPIO_PinRemapConfig
    key_board.o(.text) refers to key_board.o(.data) for key_up
    delay.o(.text) refers to misc.o(.text) for SysTick_CLKSourceConfig
[...]
    ..\STM32F10x_FWLib\src\stm32f10x_iwdg.c  0x00000000   Number         0  stm32f10x_iwdg.o ABSOLUTE
    ..\STM32F10x_FWLib\src\stm32f10x_pwr.c   0x00000000   Number         0  stm32f10x_pwr.o ABSOLUTE
    ..\STM32F10x_FWLib\src\stm32f10x_rcc.c   0x00000000   Number         0  stm32f10x_rcc.o ABSOLUTE
    ..\STM32F10x_FWLib\src\stm32f10x_rtc.c   0x00000000   Number         0  stm32f10x_rtc.o ABSOLUTE
    ..\STM32F10x_FWLib\src\stm32f10x_sdio.c  0x00000000   Number         0  stm32f10x_sdio.o ABSOLUTE
    ..\STM32F10x_FWLib\src\stm32f10x_spi.c   0x00000000   Number         0  stm32f10x_spi.o ABSOLUTE
    ..\STM32F10x_FWLib\src\stm32f10x_tim.c   0x00000000   Number         0  stm32f10x_tim.o ABSOLUTE
    ..\STM32F10x_FWLib\src\stm32f10x_usart.c 0x00000000   Number         0  stm32f10x_usart.o ABSOLUTE
    ..\STM32F10x_FWLib\src\stm32f10x_wwdg.c  0x00000000   Number         0  stm32f10x_wwdg.o ABSOLUTE
    ..\SYSTEM\delay\delay.c                  0x00000000   Number         0  delay.o ABSOLUTE
    ..\SYSTEM\sys\sys.c                      0x00000000   Number         0  sys.o ABSOLUTE
    ..\SYSTEM\usart\usart.c                  0x00000000   Number         0  usart.o ABSOLUTE
    ..\\CORE\\core_cm3.c                     0x00000000   Number         0  core_cm3.o ABSOLUTE
    ..\\SYSTEM\\sys\\sys.c                   0x00000000   Number         0  sys.o ABSOLUTE
    dc.s                                     0x00000000   Number         0  dc.o ABSOLUTE
    main.c                                   0x00000000   Number         0  main.o ABSOLUTE
    stm32f10x_it.c                           0x00000000   Number         0  stm32f10x_it.o ABSOLUTE
    system_stm32f10x.c                       0x00000000   Number         0  system_stm32f10x.o ABSOLUTE
    RESET                                    0x08000000   Section      304  startup_stm32f10x_hd.o(RESET)
    !!!main                                  0x08000130   Section        8  __main.o(!!!main)
    !!!scatter                               0x08000138   Section       52  __scatter.o(!!!scatter)
    !!dczerorl2                              0x0800016c   Section       90  __dczerorl2.o(!!dczerorl2)
    !!handler_zi                             0x080001c8   Section       28  __scatter_zi.o(!!handler_zi)
    .ARM.Collect$$_printf_percent$$00000000  0x080001e4   Section        0  _printf_percent.o(.ARM.Collect$$_printf_percent$$00000000)
    .ARM.Collect$$_printf_percent$$00000001  0x080001e4   Section        6  _printf_n.o(.ARM.Collect$$_printf_percent$$00000001)
    .ARM.Collect$$_printf_percent$$00000002  0x080001ea   Section        6  _printf_p.o(.ARM.Collect$$_printf_percent$$00000002)
    .ARM.Collect$$_printf_percent$$00000008  0x080001f0   Section        6  _printf_i.o(.ARM.Collect$$_printf_percent$$00000008)
    .ARM.Collect$$_printf_percent$$00000009  0x080001f6   Section        6  _printf_d.o(.ARM.Collect$$_printf_percent$$00000009)
    .ARM.Collect$$_printf_percent$$0000000A  0x080001fc   Section        6  _printf_u.o(.ARM.Collect$$_printf_percent$$0000000A)
    .ARM.Collect$$_printf_percent$$0000000B  0x08000202   Section        6  _printf_o.o(.ARM.Collect$$_printf_percent$$0000000B)
    .ARM.Collect$$_printf_percent$$0000000C  0x08000208   Section        6  _printf_x.o(.ARM.Collect$$_printf_percent$$0000000C)
    .ARM.Collect$$_printf_percent$$00000012  0x0800020e   Section       10  _printf_l.o(.ARM.Collect$$_printf_percent$$00000012)
    .ARM.Collect$$_printf_percent$$00000013  0x08000218   Section        6  _printf_c.o(.ARM.Collect$$_printf_percent$$00000013)
    .ARM.Collect$$_printf_percent$$00000014  0x0800021e   Section        6  _printf_s.o(.ARM.Collect$$_printf_percent$$00000014)
    .ARM.Collect$$_printf_percent$$00000015  0x08000224   Section        6  _printf_lc.o(.ARM.Collect$$_printf_percent$$00000015)
    .ARM.Collect$$_printf_percent$$00000017  0x0800022a   Section        4  _printf_percent_end.o(.ARM.Collect$$_printf_percent$$00000017)
    .ARM.Collect$$libinit$$00000000          0x0800022e   Section        2  libinit.o(.ARM.Collect$$libinit$$00000000)
    .ARM.Collect$$libinit$$00000002          0x08000230   Section        0  libinit2.o(.ARM.Collect$$libinit$$00000002)
    .ARM.Collect$$libinit$$00000004          0x08000230   Section        0  libinit2.o(.ARM.Collect$$libinit$$00000004)
    .ARM.Collect$$libinit$$0000000A          0x08000230   Section        0  libinit2.o(.ARM.Collect$$libinit$$0000000A)
    .ARM.Collect$$libinit$$0000000C          0x08000230   Section        0  libinit2.o(.ARM.Collect$$libinit$$0000000C)
    .ARM.Collect$$libinit$$0000000E          0x08000230   Section        0  libinit2.o(.ARM.Collect$$libinit$$0000000E)
    .ARM.Collect$$libinit$$0000000F          0x08000230   Section        6  libinit2.o(.ARM.Collect$$libinit$$0000000F)
    .ARM.Collect$$libinit$$00000011          0x08000236   Section        0  libinit2.o(.ARM.Collect$$libinit$$00000011)
    .ARM.Collect$$libinit$$00000012          0x08000236   Section       12  libinit2.o(.ARM.Collect$$libinit$$00000012)
    .ARM.Collect$$libinit$$00000013          0x08000242   Section        0  libinit2.o(.ARM.Collect$$libinit$$00000013)
    .ARM.Collect$$libinit$$00000015          0x08000242   Section        0  libinit2.o(.ARM.Collect$$libinit$$00000015)
    .ARM.Collect$$libinit$$00000017          0x08000242   Section        0  libinit2.o(.ARM.Collect$$libinit$$00000017)
    .ARM.Collect$$libinit$$00000019          0x08000242   Section        0  libinit2.o(.ARM.Collect$$libinit$$00000019)
    .ARM.Collect$$libinit$$0000001B          0x08000242   Section        0  libinit2.o(.ARM.Collect$$libinit$$0000001B)
    .ARM.Collect$$libinit$$0000001D          0x08000242   Section        0  libinit2.o(.ARM.Collect$$libinit$$0000001D)
    .ARM.Collect$$libinit$$0000001F          0x08000242   Section        0  libinit2.o(.ARM.Collect$$libinit$$0000001F)
    .ARM.Collect$$libinit$$00000021          0x08000242   Section        0  libinit2.o(.ARM.Collect$$libinit$$00000021)
    .ARM.Collect$$libinit$$00000023          0x08000242   Section        0  libinit2.o(.ARM.Collect$$libinit$$00000023)
    .ARM.Collect$$libinit$$00000025          0x08000242   Section        0  libinit2.o(.ARM.Collect$$libinit$$00000025)
    .ARM.Collect$$libinit$$0000002C          0x08000242   Section        0  libinit2.o(.ARM.Collect$$libinit$$0000002C)
    .ARM.Collect$$libinit$$0000002E          0x08000242   Section        0  libinit2.o(.ARM.Collect$$libinit$$0000002E)
    .ARM.Collect$$libinit$$00000030          0x08000242   Section        0  libinit2.o(.ARM.Collect$$libinit$$00000030)
    .ARM.Collect$$libinit$$00000032          0x08000242   Section        0  libinit2.o(.ARM.Collect$$libinit$$00000032)
    .ARM.Collect$$libinit$$00000033          0x08000242   Section        2  libinit2.o(.ARM.Collect$$libinit$$00000033)
    .ARM.Collect$$libshutdown$$00000000      0x08000244   Section        2  libshutdown.o(.ARM.Collect$$libshutdown$$00000000)
    .ARM.Collect$$libshutdown$$00000003      0x08000246   Section        0  libshutdown2.o(.ARM.Collect$$libshutdown$$00000003)
    .ARM.Collect$$libshutdown$$00000006      0x08000246   Section        0  libshutdown2.o(.ARM.Collect$$libshutdown$$00000006)
    .ARM.Collect$$libshutdown$$00000009      0x08000246   Section        0  libshutdown2.o(.ARM.Collect$$libshutdown$$00000009)
    .ARM.Collect$$libshutdown$$0000000B      0x08000246   Section        0  libshutdown2.o(.ARM.Collect$$libshutdown$$0000000B)
    .ARM.Collect$$libshutdown$$0000000E      0x08000246   Section        0  libshutdown2.o(.ARM.Collect$$libshutdown$$0000000E)
    .ARM.Collect$$libshutdown$$0000000F      0x08000246   Section        2  libshutdown2.o(.ARM.Collect$$libshutdown$$0000000F)
    .ARM.Collect$$rtentry$$00000000          0x08000248   Section        0  __rtentry.o(.ARM.Collect$$rtentry$$00000000)
    .ARM.Collect$$rtentry$$00000002          0x08000248   Section        0  __rtentry2.o(.ARM.Collect$$rtentry$$00000002)
    .ARM.Collect$$rtentry$$00000004          0x08000248   Section        6  __rtentry4.o(.ARM.Collect$$rtentry$$00000004)
    .ARM.Collect$$rtentry$$00000009          0x0800024e   Section        0  __rtentry2.o(.ARM.Collect$$rtentry$$00000009)
    .ARM.Collect$$rtentry$$0000000A          0x0800024e   Section        4  __rtentry2.o(.ARM.Collect$$rtentry$$0000000A)
    .ARM.Collect$$rtentry$$0000000C          0x08000252   Section        0  __rtentry2.o(.ARM.Collect$$rtentry$$0000000C)
    .ARM.Collect$$rtentry$$0000000D          0x08000252   Section        8  __rtentry2.o(.ARM.Collect$$rtentry$$0000000D)
    .ARM.Collect$$rtexit$$00000000           0x0800025a   Section        2  rtexit.o(.ARM.Collect$$rtexit$$00000000)
    .ARM.Collect$$rtexit$$00000002           0x0800025c   Section        0  rtexit2.o(.ARM.Collect$$rtexit$$00000002)
    .ARM.Collect$$rtexit$$00000003           0x0800025c   Section        4  rtexit2.o(.ARM.Collect$$rtexit$$00000003)
    .ARM.Collect$$rtexit$$00000004           0x08000260   Section        6  rtexit2.o(.ARM.Collect$$rtexit$$00000004)
    .text                                    0x08000268   Section        0  main.o(.text)
    .text                                    0x080005bc   Section        0  stm32f10x_it.o(.text)
    .text                                    0x080005d8   Section        0  system_stm32f10x.o(.text)
    SetSysClockTo72                          0x080005d9   Thumb Code   214  system_stm32f10x.o(.text)
    SetSysClock                              0x080006af   Thumb Code     8  system_stm32f10x.o(.text)
    .text                                    0x080007b8   Section        0  led.o(.text)
    .text                                    0x08000808   Section        0  lcd.o(.text)
    .text                                    0x080048fc   Section        0  adc.o(.text)
    .text                                    0x08004ab8   Section        0  encoder.o(.text)
    .text                                    0x08004bdc   Section        0  motor.o(.text)
    Motor_Init                               0x08004bdd   Thumb Code    46  motor.o(.text)
    .text                                    0x08004ce4   Section        0  key_board.o(.text)
    .text                                    0x08004f74   Section        0  delay.o(.text)
    .text                                    0x08005048   Section        0  usart.o(.text)
    .text                                    0x08005188   Section       64  startup_stm32f10x_hd.o(.text)
    .text                                    0x080051c8   Section        0  stm32f10x_gpio.o(.text)
    .text                                    0x08005524   Section        0  stm32f10x_rcc.o(.text)
    .text                                    0x080058c8   Section        0  stm32f10x_usart.o(.text)
    .text                                    0x08005cd0   Section        0  misc.o(.text)
    .text                                    0x08005dac   Section        0  stm32f10x_adc.o(.text)
    .text                                    0x080061fc   Section        0  stm32f10x_tim.o(.text)
    TI4_Config                               0x080066a3   Thumb Code   130  stm32f10x_tim.o(.text)
    TI3_Config                               0x08006737   Thumb Code   122  stm32f10x_tim.o(.text)
    TI2_Config                               0x080067cb   Thumb Code   130  stm32f10x_tim.o(.text)
    TI1_Config                               0x0800685f   Thumb Code   108  stm32f10x_tim.o(.text)
    .text                                    0x08007016   Section        2  use_no_semi_2.o(.text)
    .text                                    0x08007018   Section        0  noretval__2printf.o(.text)
    .text                                    0x08007030   Section        0  _printf_pad.o(.text)
    .text                                    0x0800707e   Section        0  _printf_truncate.o(.text)
    .text                                    0x080070a2   Section        0  _printf_str.o(.text)
    .text                                    0x080070f4   Section        0  _printf_dec.o(.text)
    .text                                    0x0800716c   Section        0  _printf_charcount.o(.text)
    .text                                    0x08007194   Section        0  _printf_wctomb.o(.text)
    .text                                    0x08007250   Section        0  _printf_oct_int.o(.text)
    .text                                    0x080072a4   Section        0  _printf_hex_int_ptr.o(.text)
    _printf_hex_common                       0x080072a5   Thumb Code     0  _printf_hex_int_ptr.o(.text)
    .text                                    0x08007320   Section        0  __printf_flags_ss_wp.o(.text)
    .text                                    0x080074a8   Section      128  strcmpv7m.o(.text)
    .text                                    0x08007528   Section        0  heapauxi.o(.text)
    .text                                    0x0800752e   Section        2  use_no_semi.o(.text)
    .text                                    0x08007530   Section        0  _printf_intcommon.o(.text)
    .text                                    0x080075e2   Section        0  _printf_char.o(.text)
    .text                                    0x08007610   Section        0  _printf_char_file.o(.text)
    .text                                    0x08007634   Section        0  _printf_wchar.o(.text)
    .text                                    0x08007660   Section        0  _wcrtomb.o(.text)
    .text                                    0x080076a0   Section       16  rt_ctype_table.o(.text)
    .text                                    0x080076b0   Section        0  _printf_char_common.o(.text)
    _printf_input_char                       0x080076b1   Thumb Code    10  _printf_char_common.o(.text)
    .text                                    0x080076e0   Section        0  ferror.o(.text)
    .text                                    0x080076e8   Section       74  sys_stackheap_outer.o(.text)
    .text                                    0x08007734   Section        8  rt_locale_intlibspace.o(.text)
    .text                                    0x0800773c   Section        0  exit.o(.text)
    .text                                    0x08007748   Section        8  libspace.o(.text)
    i._is_digit                              0x08007750   Section        0  __printf_wp.o(i._is_digit)
    locale$$code                             0x08007760   Section       44  lc_ctype_c.o(locale$$code)
    x$fpl$dfixu                              0x0800778c   Section       90  dfixu.o(x$fpl$dfixu)
    x$fpl$dfltu                              0x080077e6   Section       38  dflt_clz.o(x$fpl$dfltu)
    x$fpl$dmul                               0x0800780c   Section      340  dmul.o(x$fpl$dmul)
    x$fpl$dnaninf                            0x08007960   Section      156  dnaninf.o(x$fpl$dnaninf)
    x$fpl$dretinf                            0x080079fc   Section       12  dretinf.o(x$fpl$dretinf)
    .constdata                               0x08007a08   Section     6080  lcd.o(.constdata)
    x$fpl$usenofp                            0x08007a08   Section        0  usenofp.o(x$fpl$usenofp)
    .constdata                               0x080091c8   Section        8  _printf_wctomb.o(.constdata)
    initial_mbstate                          0x080091c8   Data           8  _printf_wctomb.o(.constdata)
    .constdata                               0x080091d0   Section       40  _printf_hex_int_ptr.o(.constdata)
    uc_hextab                                0x080091d0   Data          20  _printf_hex_int_ptr.o(.constdata)
    lc_hextab                                0x080091e4   Data          20  _printf_hex_int_ptr.o(.constdata)
    .constdata                               0x080091f8   Section       17  __printf_flags_ss_wp.o(.constdata)
    maptable                                 0x080091f8   Data          17  __printf_flags_ss_wp.o(.constdata)
    locale$$data                             0x0800922c   Section      272  lc_ctype_c.o(locale$$data)
    __lcctype_c_name                         0x08009230   Data           2  lc_ctype_c.o(locale$$data)
    __lcctype_c_start                        0x08009238   Data           0  lc_ctype_c.o(locale$$data)
    __lcctype_c_end                          0x0800933c   Data           0  lc_ctype_c.o(locale$$data)
    .data                                    0x20000000   Section        9  main.o(.data)
    .data                                    0x2000000c   Section       20  system_stm32f10x.o(.data)
    .data                                    0x20000020   Section      260  lcd.o(.data)
    .data                                    0x20000124   Section       10  key_board.o(.data)
    key_up                                   0x2000012d   Data           1  key_board.o(.data)
    .data                                    0x2000012e   Section        4  delay.o(.data)
    fac_us                                   0x2000012e   Data           1  delay.o(.data)
    fac_ms                                   0x20000130   Data           2  delay.o(.data)
    .data                                    0x20000134   Section        6  usart.o(.data)
    .data                                    0x2000013a   Section       20  stm32f10x_rcc.o(.data)
    APBAHBPrescTable                         0x2000013a   Data          16  stm32f10x_rcc.o(.data)
    ADCPrescTable                            0x2000014a   Data           4  stm32f10x_rcc.o(.data)
    .bss                                     0x20000150   Section      440  main.o(.bss)
    .bss                                     0x20000308   Section       14  lcd.o(.bss)
    .bss                                     0x20000316   Section      200  usart.o(.bss)
    .bss                                     0x200003e0   Section       96  libspace.o(.bss)
    HEAP                                     0x20000440   Section      512  startup_stm32f10x_hd.o(HEAP)
    Heap_Mem                                 0x20000440   Data         512  startup_stm32f10x_hd.o(HEAP)
    STACK                                    0x20000640   Section     1024  startup_stm32f10x_hd.o(STACK)
    Stack_Mem                                0x20000640   Data        1024  startup_stm32f10x_hd.o(STACK)
    __initial_sp                             0x20000a40   Data           0  startup_stm32f10x_hd.o(STACK)

    Global Symbols

    Symbol Name                              Value     Ov Type        Size  Object(Section)

    BuildAttributes$$THM_ISAv4$P$D$K$B$S$PE$A:L22UL41UL21$X:L11$S22US41US21$IEEE1$IW$USESV6$~STKCKD$USESV7$~SHL$OSPACE$ROPI$EBA8$UX$STANDARDLIB$REQ8$PRES8$EABIv2 0x00000000   Number         0  anon$$obj.o ABSOLUTE
    __ARM_use_no_argv                        0x00000000   Number         0  main.o ABSOLUTE
    _printf_flags                            0x00000000   Number         0  printf_stubs.o ABSOLUTE
    _printf_return_value                     0x00000000   Number         0  printf_stubs.o ABSOLUTE
    _printf_sizespec                         0x00000000   Number         0  printf_stubs.o ABSOLUTE
    _printf_widthprec                        0x00000000   Number         0  printf_stubs.o ABSOLUTE
    __ARM_exceptions_init                     - Undefined Weak Reference
    __alloca_initialize                       - Undefined Weak Reference
    __arm_preinit_                            - Undefined Weak Reference
    __cpp_initialize__aeabi_                  - Undefined Weak Reference
    __cxa_finalize                            - Undefined Weak Reference
    __sigvec_lookup                           - Undefined Weak Reference
    _atexit_init                              - Undefined Weak Reference
    _call_atexit_fns                          - Undefined Weak Reference
    _clock_init                               - Undefined Weak Reference
    _fp_trap_init                             - Undefined Weak Reference
    _fp_trap_shutdown                         - Undefined Weak Reference
    _get_lc_collate                           - Undefined Weak Reference
    _get_lc_monetary                          - Undefined Weak Reference
    _get_lc_numeric                           - Undefined Weak Reference
    _get_lc_time                              - Undefined Weak Reference
    _getenv_init                              - Undefined Weak Reference
    _handle_redirection                       - Undefined Weak Reference
    _init_alloc                               - Undefined Weak Reference
    _init_user_alloc                          - Undefined Weak Reference
    _initio                                   - Undefined Weak Reference
    _mutex_acquire                            - Undefined Weak Reference
    _mutex_release                            - Undefined Weak Reference
    _printf_mbtowc                            - Undefined Weak Reference
    _printf_wc                                - Undefined Weak Reference
    _rand_init                                - Undefined Weak Reference
    _signal_finish                            - Undefined Weak Reference
    _signal_init                              - Undefined Weak Reference
    _terminate_alloc                          - Undefined Weak Reference
    _terminate_user_alloc                     - Undefined Weak Reference
    _terminateio                              - Undefined Weak Reference
    __Vectors_Size                           0x00000130   Number         0  startup_stm32f10x_hd.o ABSOLUTE
    __Vectors                                0x08000000   Data           4  startup_stm32f10x_hd.o(RESET)
    __Vectors_End                            0x08000130   Data           0  startup_stm32f10x_hd.o(RESET)
    __main                                   0x08000131   Thumb Code     8  __main.o(!!!main)
    __scatterload                            0x08000139   Thumb Code     0  __scatter.o(!!!scatter)
    __scatterload_rt2                        0x08000139   Thumb Code    44  __scatter.o(!!!scatter)
    __scatterload_rt2_thumb_only             0x08000139   Thumb Code     0  __scatter.o(!!!scatter)
    __scatterload_null                       0x08000147   Thumb Code     0  __scatter.o(!!!scatter)
    __decompress                             0x0800016d   Thumb Code    90  __dczerorl2.o(!!dczerorl2)
    __decompress1                            0x0800016d   Thumb Code     0  __dczerorl2.o(!!dczerorl2)
    __scatterload_zeroinit                   0x080001c9   Thumb Code    28  __scatter_zi.o(!!handler_zi)
    _printf_n                                0x080001e5   Thumb Code     0  _printf_n.o(.ARM.Collect$$_printf_percent$$00000001)
    _printf_percent                          0x080001e5   Thumb Code     0  _printf_percent.o(.ARM.Collect$$_printf_percent$$00000000)
    _printf_p                                0x080001eb   Thumb Code     0  _printf_p.o(.ARM.Collect$$_printf_percent$$00000002)
    _printf_i                                0x080001f1   Thumb Code     0  _printf_i.o(.ARM.Collect$$_printf_percent$$00000008)
    _printf_d                                0x080001f7   Thumb Code     0  _printf_d.o(.ARM.Collect$$_printf_percent$$00000009)
    _printf_u                                0x080001fd   Thumb Code     0  _printf_u.o(.ARM.Collect$$_printf_percent$$0000000A)
    _printf_o                                0x08000203   Thumb Code     0  _printf_o.o(.ARM.Collect$$_printf_percent$$0000000B)
    _printf_x                                0x08000209   Thumb Code     0  _printf_x.o(.ARM.Collect$$_printf_percent$$0000000C)
    _printf_l                                0x0800020f   Thumb Code     0  _printf_l.o(.ARM.Collect$$_printf_percent$$00000012)
    _printf_c                                0x08000219   Thumb Code     0  _printf_c.o(.ARM.Collect$$_printf_percent$$00000013)
    _printf_s                                0x0800021f   Thumb Code     0  _printf_s.o(.ARM.Collect$$_printf_percent$$00000014)
    _printf_lc                               0x08000225   Thumb Code     0  _printf_lc.o(.ARM.Collect$$_printf_percent$$00000015)
    _printf_percent_end                      0x0800022b   Thumb Code     0  _printf_percent_end.o(.ARM.Collect$$_printf_percent$$00000017)
    __rt_lib_init                            0x0800022f   Thumb Code     0  libinit.o(.ARM.Collect$$libinit$$00000000)
    __rt_lib_init_fp_1                       0x08000231   Thumb Code     0  libinit2.o(.ARM.Collect$$libinit$$00000002)
    __rt_lib_init_heap_1                     0x08000231   Thumb Code     0  libinit2.o(.ARM.Collect$$libinit$$0000000A)
    __rt_lib_init_lc_common                  0x08000231   Thumb Code     0  libinit2.o(.ARM.Collect$$libinit$$0000000F)
    __rt_lib_init_preinit_1                  0x08000231   Thumb Code     0  libinit2.o(.ARM.Collect$$libinit$$00000004)
    __rt_lib_init_rand_1                     0x08000231   Thumb Code     0  libinit2.o(.ARM.Collect$$libinit$$0000000E)
    __rt_lib_init_user_alloc_1               0x08000231   Thumb Code     0  libinit2.o(.ARM.Collect$$libinit$$0000000C)
    __rt_lib_init_lc_collate_1               0x08000237   Thumb Code     0  libinit2.o(.ARM.Collect$$libinit$$00000011)
    __rt_lib_init_lc_ctype_2                 0x08000237   Thumb Code     0  libinit2.o(.ARM.Collect$$libinit$$00000012)
    __rt_lib_init_alloca_1                   0x08000243   Thumb Code     0  libinit2.o(.ARM.Collect$$libinit$$0000002E)
    __rt_lib_init_argv_1                     0x08000243   Thumb Code     0  libinit2.o(.ARM.Collect$$libinit$$0000002C)
    __rt_lib_init_atexit_1                   0x08000243   Thumb Code     0  libinit2.o(.ARM.Collect$$libinit$$0000001B)
    __rt_lib_init_clock_1                    0x08000243   Thumb Code     0  libinit2.o(.ARM.Collect$$libinit$$00000021)
    __rt_lib_init_cpp_1                      0x08000243   Thumb Code     0  libinit2.o(.ARM.Collect$$libinit$$00000032)
    __rt_lib_init_exceptions_1               0x08000243   Thumb Code     0  libinit2.o(.ARM.Collect$$libinit$$00000030)
    __rt_lib_init_fp_trap_1                  0x08000243   Thumb Code     0  libinit2.o(.ARM.Collect$$libinit$$0000001F)
    __rt_lib_init_getenv_1                   0x08000243   Thumb Code     0  libinit2.o(.ARM.Collect$$libinit$$00000023)
    __rt_lib_init_lc_ctype_1                 0x08000243   Thumb Code     0  libinit2.o(.ARM.Collect$$libinit$$00000013)
    __rt_lib_init_lc_monetary_1              0x08000243   Thumb Code     0  libinit2.o(.ARM.Collect$$libinit$$00000015)
    __rt_lib_init_lc_numeric_1               0x08000243   Thumb Code     0  libinit2.o(.ARM.Collect$$libinit$$00000017)
    __rt_lib_init_lc_time_1                  0x08000243   Thumb Code     0  libinit2.o(.ARM.Collect$$libinit$$00000019)
    __rt_lib_init_return                     0x08000243   Thumb Code     0  libinit2.o(.ARM.Collect$$libinit$$00000033)
    __rt_lib_init_signal_1                   0x08000243   Thumb Code     0  libinit2.o(.ARM.Collect$$libinit$$0000001D)
    __rt_lib_init_stdio_1                    0x08000243   Thumb Code     0  libinit2.o(.ARM.Collect$$libinit$$00000025)
    __rt_lib_shutdown                        0x08000245   Thumb Code     0  libshutdown.o(.ARM.Collect$$libshutdown$$00000000)
    __rt_lib_shutdown_fp_trap_1              0x08000247   Thumb Code     0  libshutdown2.o(.ARM.Collect$$libshutdown$$00000006)
    __rt_lib_shutdown_heap_1                 0x08000247   Thumb Code     0  libshutdown2.o(.ARM.Collect$$libshutdown$$0000000E)
    __rt_lib_shutdown_return                 0x08000247   Thumb Code     0  libshutdown2.o(.ARM.Collect$$libshutdown$$0000000F)
    __rt_lib_shutdown_signal_1               0x08000247   Thumb Code     0  libshutdown2.o(.ARM.Collect$$libshutdown$$00000009)
    __rt_lib_shutdown_stdio_1                0x08000247   Thumb Code     0  libshutdown2.o(.ARM.Collect$$libshutdown$$00000003)
    __rt_lib_shutdown_user_alloc_1           0x08000247   Thumb Code     0  libshutdown2.o(.ARM.Collect$$libshutdown$$0000000B)
    __rt_entry                               0x08000249   Thumb Code     0  __rtentry.o(.ARM.Collect$$rtentry$$00000000)
    __rt_entry_presh_1                       0x08000249   Thumb Code     0  __rtentry2.o(.ARM.Collect$$rtentry$$00000002)
    __rt_entry_sh                            0x08000249   Thumb Code     0  __rtentry4.o(.ARM.Collect$$rtentry$$00000004)
    __rt_entry_li                            0x0800024f   Thumb Code     0  __rtentry2.o(.ARM.Collect$$rtentry$$0000000A)
    __rt_entry_postsh_1                      0x0800024f   Thumb Code     0  __rtentry2.o(.ARM.Collect$$rtentry$$00000009)
    __rt_entry_main                          0x08000253   Thumb Code     0  __rtentry2.o(.ARM.Collect$$rtentry$$0000000D)
    __rt_entry_postli_1                      0x08000253   Thumb Code     0  __rtentry2.o(.ARM.Collect$$rtentry$$0000000C)
    __rt_exit                                0x0800025b   Thumb Code     0  rtexit.o(.ARM.Collect$$rtexit$$00000000)
    __rt_exit_ls                             0x0800025d   Thumb Code     0  rtexit2.o(.ARM.Collect$$rtexit$$00000003)
    __rt_exit_prels_1                        0x0800025d   Thumb Code     0  rtexit2.o(.ARM.Collect$$rtexit$$00000002)
    __rt_exit_exit                           0x08000261   Thumb Code     0  rtexit2.o(.ARM.Collect$$rtexit$$00000004)
    main                                     0x08000269   Thumb Code   748  main.o(.text)
    NMI_Handler                              0x080005bd   Thumb Code     2  stm32f10x_it.o(.text)
    HardFault_Handler                        0x080005bf   Thumb Code     4  stm32f10x_it.o(.text)
    MemManage_Handler                        0x080005c3   Thumb Code     4  stm32f10x_it.o(.text)
    BusFault_Handler                         0x080005c7   Thumb Code     4  stm32f10x_it.o(.text)
    UsageFault_Handler                       0x080005cb   Thumb Code     4  stm32f10x_it.o(.text)
    SVC_Handler                              0x080005cf   Thumb Code     2  stm32f10x_it.o(.text)
    DebugMon_Handler                         0x080005d1   Thumb Code     2  stm32f10x_it.o(.text)
    PendSV_Handler                           0x080005d3   Thumb Code     2  stm32f10x_it.o(.text)
    SysTick_Handler                          0x080005d5   Thumb Code     2  stm32f10x_it.o(.text)
    SystemInit                               0x080006b7   Thumb Code    78  system_stm32f10x.o(.text)
    SystemCoreClockUpdate                    0x08000705   Thumb Code   142  system_stm32f10x.o(.text)
    LED_Init                                 0x080007b9   Thumb Code    72  led.o(.text)
    LCD_WR_REG                               0x08000809   Thumb Code    28  lcd.o(.text)
    LCD_WR_DATAX                             0x08000825   Thumb Code    28  lcd.o(.text)
    opt_delay                                0x08000841   Thumb Code    14  lcd.o(.text)
    LCD_RD_DATA                              0x0800084f   Thumb Code    86  lcd.o(.text)
    LCD_WriteReg                             0x080008a5   Thumb Code    40  lcd.o(.text)
    LCD_ReadReg                              0x080008cd   Thumb Code    16  lcd.o(.text)
    LCD_WriteRAM_Prepare                     0x080008dd   Thumb Code    12  lcd.o(.text)
    LCD_WriteRAM                             0x080008e9   Thumb Code    28  lcd.o(.text)
    LCD_BGR2RGB                              0x08000905   Thumb Code    26  lcd.o(.text)
    LCD_SetCursor                            0x0800091f   Thumb Code   734  lcd.o(.text)
    LCD_ReadPoint                            0x08000bfd   Thumb Code   126  lcd.o(.text)
    LCD_DisplayOn                            0x08000c7b   Thumb Code    32  lcd.o(.text)
    LCD_DisplayOff                           0x08000c9b   Thumb Code    32  lcd.o(.text)
    LCD_Scan_Dir                             0x08000cbb   Thumb Code   930  lcd.o(.text)
    LCD_DrawPoint                            0x0800105d   Thumb Code    52  lcd.o(.text)
    LCD_Fast_DrawPoint                       0x08001091   Thumb Code   630  lcd.o(.text)
    LCD_SSD_BackLightSet                     0x08001307   Thumb Code   198  lcd.o(.text)
    LCD_Display_Dir                          0x080013cd   Thumb Code   320  lcd.o(.text)
    LCD_Set_Window                           0x0800150d   Thumb Code   910  lcd.o(.text)
    LCD_Clear                                0x0800189b   Thumb Code    64  lcd.o(.text)
    LCD_Init                                 0x080018db   Thumb Code 10586  lcd.o(.text)
    LCD_Fill                                 0x08004235   Thumb Code   102  lcd.o(.text)
    LCD_Color_Fill                           0x0800429b   Thumb Code   116  lcd.o(.text)
    LCD_DrawLine                             0x0800430f   Thumb Code   176  lcd.o(.text)
    LCD_DrawRectangle                        0x080043bf   Thumb Code    60  lcd.o(.text)
    LCD_Draw_Circle                          0x080043fb   Thumb Code   152  lcd.o(.text)
    LCD_ShowChar                             0x08004493   Thumb Code   298  lcd.o(.text)
    LCD_Pow                                  0x080045bd   Thumb Code    22  lcd.o(.text)
    LCD_ShowNum                              0x080045d3   Thumb Code   148  lcd.o(.text)
    LCD_ShowxNum                             0x08004667   Thumb Code   190  lcd.o(.text)
    LCD_ShowString                           0x08004725   Thumb Code   102  lcd.o(.text)
    lcd_show_xfont                           0x0800478b   Thumb Code   292  lcd.o(.text)
    Adc1_Init                                0x080048fd   Thumb Code   132  adc.o(.text)
    Get_Adc1                                 0x08004981   Thumb Code    46  adc.o(.text)
    Get_Adc1_Average                         0x080049af   Thumb Code    40  adc.o(.text)
    Adc2_Init                                0x080049d7   Thumb Code   132  adc.o(.text)
    Get_Adc2                                 0x08004a5b   Thumb Code    46  adc.o(.text)
    Get_Adc2_Average                         0x08004a89   Thumb Code    40  adc.o(.text)
    Encoder_Init_TIM2                        0x08004ab9   Thumb Code   162  encoder.o(.text)
    Read_Encoder                             0x08004b5b   Thumb Code    88  encoder.o(.text)
    TIM2_IRQHandler                          0x08004bb3   Thumb Code    24  encoder.o(.text)
    Motor_PWM_Init                           0x08004c0b   Thumb Code   206  motor.o(.text)
    KEY_Init                                 0x08004ce5   Thumb Code    82  key_board.o(.text)
    KEY_Scan                                 0x08004d37   Thumb Code   556  key_board.o(.text)
    delay_init                               0x08004f75   Thumb Code    50  delay.o(.text)
    delay_us                                 0x08004fa7   Thumb Code    72  delay.o(.text)
    delay_ms                                 0x08004fef   Thumb Code    72  delay.o(.text)
    _sys_exit                                0x08005049   Thumb Code     4  usart.o(.text)
    fputc                                    0x0800504d   Thumb Code    24  usart.o(.text)
    uart_init                                0x08005065   Thumb Code   152  usart.o(.text)
    USART1_IRQHandler                        0x080050fd   Thumb Code   122  usart.o(.text)
    Reset_Handler                            0x08005189   Thumb Code     8  startup_stm32f10x_hd.o(.text)
    ADC1_2_IRQHandler                        0x080051a3   Thumb Code     0  startup_stm32f10x_hd.o(.text)
    ADC3_IRQHandler                          0x080051a3   Thumb Code     0  startup_stm32f10x_hd.o(.text)
    CAN1_RX1_IRQHandler                      0x080051a3   Thumb Code     0  startup_stm32f10x_hd.o(.text)
    CAN1_SCE_IRQHandler                      0x080051a3   Thumb Code     0  startup_stm32f10x_hd.o(.text)
    DMA1_Channel1_IRQHandler                 0x080051a3   Thumb Code     0  startup_stm32f10x_hd.o(.text)
    DMA1_Channel2_IRQHandler                 0x080051a3   Thumb Code     0  startup_stm32f10x_hd.o(.text)
    DMA1_Channel3_IRQHandler                 0x080051a3   Thumb Code     0  startup_stm32f10x_hd.o(.text)
    DMA1_Channel4_IRQHandler                 0x080051a3   Thumb Code     0  startup_stm32f10x_hd.o(.text)
    DMA1_Channel5_IRQHandler                 0x080051a3   Thumb Code     0  startup_stm32f10x_hd.o(.text)
    DMA1_Channel6_IRQHandler                 0x080051a3   Thumb Code     0  startup_stm32f10x_hd.o(.text)
    DMA1_Channel7_IRQHandler                 0x080051a3   Thumb Code     0  startup_stm32f10x_hd.o(.text)
    DMA2_Channel1_IRQHandler                 0x080051a3   Thumb Code     0  startup_stm32f10x_hd.o(.text)
    DMA2_Channel2_IRQHandler                 0x080051a3   Thumb Code     0  startup_stm32f10x_hd.o(.text)
    DMA2_Channel3_IRQHandler                 0x080051a3   Thumb Code     0  startup_stm32f10x_hd.o(.text)
    DMA2_Channel4_5_IRQHandler               0x080051a3   Thumb Code     0  startup_stm32f10x_hd.o(.text)
    EXTI0_IRQHandler                         0x080051a3   Thumb Code     0  startup_stm32f10x_hd.o(.text)
    EXTI15_10_IRQHandler                     0x080051a3   Thumb Code     0  startup_stm32f10x_hd.o(.text)
    EXTI1_IRQHandler                         0x080051a3   Thumb Code     0  startup_stm32f10x_hd.o(.text)
    EXTI2_IRQHandler                         0x080051a3   Thumb Code     0  startup_stm32f10x_hd.o(.text)
    EXTI3_IRQHandler                         0x080051a3   Thumb Code     0  startup_stm32f10x_hd.o(.text)
    EXTI4_IRQHandler                         0x080051a3   Thumb Code     0  startup_stm32f10x_hd.o(.text)
    EXTI9_5_IRQHandler                       0x080051a3   Thumb Code     0  startup_stm32f10x_hd.o(.text)
    FLASH_IRQHandler                         0x080051a3   Thumb Code     0  startup_stm32f10x_hd.o(.text)
    FSMC_IRQHandler                          0x080051a3   Thumb Code     0  startup_stm32f10x_hd.o(.text)
    I2C1_ER_IRQHandler                       0x080051a3   Thumb Code     0  startup_stm32f10x_hd.o(.text)
    I2C1_EV_IRQHandler                       0x080051a3   Thumb Code     0  startup_stm32f10x_hd.o(.text)
    I2C2_ER_IRQHandler                       0x080051a3   Thumb Code     0  startup_stm32f10x_hd.o(.text)
    I2C2_EV_IRQHandler                       0x080051a3   Thumb Code     0  startup_stm32f10x_hd.o(.text)
    PVD_IRQHandler                           0x080051a3   Thumb Code     0  startup_stm32f10x_hd.o(.text)
    RCC_IRQHandler                           0x080051a3   Thumb Code     0  startup_stm32f10x_hd.o(.text)
    RTCAlarm_IRQHandler                      0x080051a3   Thumb Code     0  startup_stm32f10x_hd.o(.text)
    RTC_IRQHandler                           0x080051a3   Thumb Code     0  startup_stm32f10x_hd.o(.text)
    SDIO_IRQHandler                          0x080051a3   Thumb Code     0  startup_stm32f10x_hd.o(.text)
    SPI1_IRQHandler                          0x080051a3   Thumb Code     0  startup_stm32f10x_hd.o(.text)
    SPI2_IRQHandler                          0x080051a3   Thumb Code     0  startup_stm32f10x_hd.o(.text)
    SPI3_IRQHandler                          0x080051a3   Thumb Code     0  startup_stm32f10x_hd.o(.text)
    TAMPER_IRQHandler                        0x080051a3   Thumb Code     0  startup_stm32f10x_hd.o(.text)
    TIM1_BRK_IRQHandler                      0x080051a3   Thumb Code     0  startup_stm32f10x_hd.o(.text)
    TIM1_CC_IRQHandler                       0x080051a3   Thumb Code     0  startup_stm32f10x_hd.o(.text)
    TIM1_TRG_COM_IRQHandler                  0x080051a3   Thumb Code     0  startup_stm32f10x_hd.o(.text)
    TIM1_UP_IRQHandler                       0x080051a3   Thumb Code     0  startup_stm32f10x_hd.o(.text)
    TIM3_IRQHandler                          0x080051a3   Thumb Code     0  startup_stm32f10x_hd.o(.text)
    TIM4_IRQHandler                          0x080051a3   Thumb Code     0  startup_stm32f10x_hd.o(.text)
    TIM5_IRQHandler                          0x080051a3   Thumb Code     0  startup_stm32f10x_hd.o(.text)
    TIM6_IRQHandler                          0x080051a3   Thumb Code     0  startup_stm32f10x_hd.o(.text)
    TIM7_IRQHandler                          0x080051a3   Thumb Code     0  startup_stm32f10x_hd.o(.text)
    TIM8_BRK_IRQHandler                      0x080051a3   Thumb Code     0  startup_stm32f10x_hd.o(.text)
    TIM8_CC_IRQHandler                       0x080051a3   Thumb Code     0  startup_stm32f10x_hd.o(.text)
    TIM8_TRG_COM_IRQHandler                  0x080051a3   Thumb Code     0  startup_stm32f10x_hd.o(.text)
    TIM8_UP_IRQHandler                       0x080051a3   Thumb Code     0  startup_stm32f10x_hd.o(.text)
    UART4_IRQHandler                         0x080051a3   Thumb Code     0  startup_stm32f10x_hd.o(.text)
    UART5_IRQHandler                         0x080051a3   Thumb Code     0  startup_stm32f10x_hd.o(.text)
    USART2_IRQHandler                        0x080051a3   Thumb Code     0  startup_stm32f10x_hd.o(.text)
    USART3_IRQHandler                        0x080051a3   Thumb Code     0  startup_stm32f10x_hd.o(.text)
    USBWakeUp_IRQHandler                     0x080051a3   Thumb Code     0  startup_stm32f10x_hd.o(.text)
    USB_HP_CAN1_TX_IRQHandler                0x080051a3   Thumb Code     0  startup_stm32f10x_hd.o(.text)
    USB_LP_CAN1_RX0_IRQHandler               0x080051a3   Thumb Code     0  startup_stm32f10x_hd.o(.text)
    WWDG_IRQHandler                          0x080051a3   Thumb Code     0  startup_stm32f10x_hd.o(.text)
    __user_initial_stackheap                 0x080051a5   Thumb Code     0  startup_stm32f10x_hd.o(.text)
    GPIO_DeInit                              0x080051c9   Thumb Code   172  stm32f10x_gpio.o(.text)
    GPIO_AFIODeInit                          0x08005275   Thumb Code    20  stm32f10x_gpio.o(.text)
    GPIO_Init                                0x08005289   Thumb Code   278  stm32f10x_gpio.o(.text)
    GPIO_StructInit                          0x0800539f   Thumb Code    16  stm32f10x_gpio.o(.text)
    GPIO_ReadInputDataBit                    0x080053af   Thumb Code    18  stm32f10x_gpio.o(.text)
    GPIO_ReadInputData                       0x080053c1   Thumb Code     8  stm32f10x_gpio.o(.text)
    GPIO_ReadOutputDataBit                   0x080053c9   Thumb Code    18  stm32f10x_gpio.o(.text)
    GPIO_ReadOutputData                      0x080053db   Thumb Code     8  stm32f10x_gpio.o(.text)
    GPIO_SetBits                             0x080053e3   Thumb Code     4  stm32f10x_gpio.o(.text)
    GPIO_ResetBits                           0x080053e7   Thumb Code     4  stm32f10x_gpio.o(.text)
    GPIO_WriteBit                            0x080053eb   Thumb Code    10  stm32f10x_gpio.o(.text)
    GPIO_Write                               0x080053f5   Thumb Code     4  stm32f10x_gpio.o(.text)
    GPIO_PinLockConfig                       0x080053f9   Thumb Code    18  stm32f10x_gpio.o(.text)
    GPIO_EventOutputConfig                   0x0800540b   Thumb Code    26  stm32f10x_gpio.o(.text)
    GPIO_EventOutputCmd                      0x08005425   Thumb Code     6  stm32f10x_gpio.o(.text)
    GPIO_PinRemapConfig                      0x0800542b   Thumb Code   138  stm32f10x_gpio.o(.text)
    GPIO_EXTILineConfig                      0x080054b5   Thumb Code    66  stm32f10x_gpio.o(.text)
    GPIO_ETH_MediaInterfaceConfig            0x080054f7   Thumb Code     8  stm32f10x_gpio.o(.text)
    RCC_DeInit                               0x08005525   Thumb Code    64  stm32f10x_rcc.o(.text)
    RCC_HSEConfig                            0x08005565   Thumb Code    70  stm32f10x_rcc.o(.text)
    RCC_GetFlagStatus                        0x080055ab   Thumb Code    56  stm32f10x_rcc.o(.text)
    RCC_WaitForHSEStartUp                    0x080055e3   Thumb Code    56  stm32f10x_rcc.o(.text)
    RCC_AdjustHSICalibrationValue            0x0800561b   Thumb Code    20  stm32f10x_rcc.o(.text)
    RCC_HSICmd                               0x0800562f   Thumb Code     6  stm32f10x_rcc.o(.text)
    RCC_PLLConfig                            0x08005635   Thumb Code    24  stm32f10x_rcc.o(.text)
    RCC_PLLCmd                               0x0800564d   Thumb Code     6  stm32f10x_rcc.o(.text)
    RCC_SYSCLKConfig                         0x08005653   Thumb Code    18  stm32f10x_rcc.o(.text)
    RCC_GetSYSCLKSource                      0x08005665   Thumb Code    10  stm32f10x_rcc.o(.text)
    RCC_HCLKConfig                           0x0800566f   Thumb Code    18  stm32f10x_rcc.o(.text)
    RCC_PCLK1Config                          0x08005681   Thumb Code    18  stm32f10x_rcc.o(.text)
    RCC_PCLK2Config                          0x08005693   Thumb Code    20  stm32f10x_rcc.o(.text)
    RCC_ITConfig                             0x080056a7   Thumb Code    26  stm32f10x_rcc.o(.text)
    RCC_USBCLKConfig                         0x080056c1   Thumb Code     8  stm32f10x_rcc.o(.text)
    RCC_ADCCLKConfig                         0x080056c9   Thumb Code    18  stm32f10x_rcc.o(.text)
    RCC_LSEConfig                            0x080056db   Thumb Code    50  stm32f10x_rcc.o(.text)
    RCC_LSICmd                               0x0800570d   Thumb Code     6  stm32f10x_rcc.o(.text)
    RCC_RTCCLKConfig                         0x08005713   Thumb Code    12  stm32f10x_rcc.o(.text)
    RCC_RTCCLKCmd                            0x0800571f   Thumb Code     8  stm32f10x_rcc.o(.text)
    RCC_GetClocksFreq                        0x08005727   Thumb Code   192  stm32f10x_rcc.o(.text)
    RCC_AHBPeriphClockCmd                    0x080057e7   Thumb Code    26  stm32f10x_rcc.o(.text)
    RCC_APB2PeriphClockCmd                   0x08005801   Thumb Code    26  stm32f10x_rcc.o(.text)
    RCC_APB1PeriphClockCmd                   0x0800581b   Thumb Code    26  stm32f10x_rcc.o(.text)
    RCC_APB2PeriphResetCmd                   0x08005835   Thumb Code    26  stm32f10x_rcc.o(.text)
    RCC_APB1PeriphResetCmd                   0x0800584f   Thumb Code    26  stm32f10x_rcc.o(.text)
    RCC_BackupResetCmd                       0x08005869   Thumb Code     8  stm32f10x_rcc.o(.text)
    RCC_ClockSecuritySystemCmd               0x08005871   Thumb Code     6  stm32f10x_rcc.o(.text)
    RCC_MCOConfig                            0x08005877   Thumb Code     6  stm32f10x_rcc.o(.text)
    RCC_ClearFlag                            0x0800587d   Thumb Code    14  stm32f10x_rcc.o(.text)
    RCC_GetITStatus                          0x0800588b   Thumb Code    20  stm32f10x_rcc.o(.text)
    RCC_ClearITPendingBit                    0x0800589f   Thumb Code     6  stm32f10x_rcc.o(.text)
    USART_DeInit                             0x080058c9   Thumb Code   134  stm32f10x_usart.o(.text)
    USART_Init                               0x0800594f   Thumb Code   210  stm32f10x_usart.o(.text)
    USART_StructInit                         0x08005a21   Thumb Code    24  stm32f10x_usart.o(.text)
    USART_ClockInit                          0x08005a39   Thumb Code    34  stm32f10x_usart.o(.text)
    USART_ClockStructInit                    0x08005a5b   Thumb Code    12  stm32f10x_usart.o(.text)
    USART_Cmd                                0x08005a67   Thumb Code    24  stm32f10x_usart.o(.text)
    USART_ITConfig                           0x08005a7f   Thumb Code    74  stm32f10x_usart.o(.text)
    USART_DMACmd                             0x08005ac9   Thumb Code    18  stm32f10x_usart.o(.text)
    USART_SetAddress                         0x08005adb   Thumb Code    18  stm32f10x_usart.o(.text)
    USART_WakeUpConfig                       0x08005aed   Thumb Code    18  stm32f10x_usart.o(.text)
    USART_ReceiverWakeUpCmd                  0x08005aff   Thumb Code    24  stm32f10x_usart.o(.text)
    USART_LINBreakDetectLengthConfig         0x08005b17   Thumb Code    18  stm32f10x_usart.o(.text)
    USART_LINCmd                             0x08005b29   Thumb Code    24  stm32f10x_usart.o(.text)
    USART_SendData                           0x08005b41   Thumb Code     8  stm32f10x_usart.o(.text)
    USART_ReceiveData                        0x08005b49   Thumb Code    10  stm32f10x_usart.o(.text)
    USART_SendBreak                          0x08005b53   Thumb Code    10  stm32f10x_usart.o(.text)
    USART_SetGuardTime                       0x08005b5d   Thumb Code    16  stm32f10x_usart.o(.text)
    USART_SetPrescaler                       0x08005b6d   Thumb Code    16  stm32f10x_usart.o(.text)
    USART_SmartCardCmd                       0x08005b7d   Thumb Code    24  stm32f10x_usart.o(.text)
    USART_SmartCardNACKCmd                   0x08005b95   Thumb Code    24  stm32f10x_usart.o(.text)
    USART_HalfDuplexCmd                      0x08005bad   Thumb Code    24  stm32f10x_usart.o(.text)
    USART_OverSampling8Cmd                   0x08005bc5   Thumb Code    22  stm32f10x_usart.o(.text)
    USART_OneBitMethodCmd                    0x08005bdb   Thumb Code    24  stm32f10x_usart.o(.text)
    USART_IrDAConfig                         0x08005bf3   Thumb Code    18  stm32f10x_usart.o(.text)
    USART_IrDACmd                            0x08005c05   Thumb Code    24  stm32f10x_usart.o(.text)
    USART_GetFlagStatus                      0x08005c1d   Thumb Code    26  stm32f10x_usart.o(.text)
    USART_ClearFlag                          0x08005c37   Thumb Code    18  stm32f10x_usart.o(.text)
    USART_GetITStatus                        0x08005c49   Thumb Code    84  stm32f10x_usart.o(.text)
    USART_ClearITPendingBit                  0x08005c9d   Thumb Code    52  stm32f10x_usart.o(.text)
    NVIC_PriorityGroupConfig                 0x08005cd1   Thumb Code    10  misc.o(.text)
    NVIC_Init                                0x08005cdb   Thumb Code   100  misc.o(.text)
    NVIC_SetVectorTable                      0x08005d3f   Thumb Code    14  misc.o(.text)
    NVIC_SystemLPConfig                      0x08005d4d   Thumb Code    34  misc.o(.text)
    SysTick_CLKSourceConfig                  0x08005d6f   Thumb Code    40  misc.o(.text)
    ADC_DeInit                               0x08005dad   Thumb Code    78  stm32f10x_adc.o(.text)
    ADC_Init                                 0x08005dfb   Thumb Code    70  stm32f10x_adc.o(.text)
    ADC_StructInit                           0x08005e41   Thumb Code    18  stm32f10x_adc.o(.text)
    ADC_Cmd                                  0x08005e53   Thumb Code    22  stm32f10x_adc.o(.text)
    ADC_DMACmd                               0x08005e69   Thumb Code    22  stm32f10x_adc.o(.text)
    ADC_ITConfig                             0x08005e7f   Thumb Code    24  stm32f10x_adc.o(.text)
    ADC_ResetCalibration                     0x08005e97   Thumb Code    10  stm32f10x_adc.o(.text)
    ADC_GetResetCalibrationStatus            0x08005ea1   Thumb Code    20  stm32f10x_adc.o(.text)
    ADC_StartCalibration                     0x08005eb5   Thumb Code    10  stm32f10x_adc.o(.text)
    ADC_GetCalibrationStatus                 0x08005ebf   Thumb Code    20  stm32f10x_adc.o(.text)
    ADC_SoftwareStartConvCmd                 0x08005ed3   Thumb Code    22  stm32f10x_adc.o(.text)
    ADC_GetSoftwareStartConvStatus           0x08005ee9   Thumb Code    20  stm32f10x_adc.o(.text)
    ADC_DiscModeChannelCountConfig           0x08005efd   Thumb Code    24  stm32f10x_adc.o(.text)
    ADC_DiscModeCmd                          0x08005f15   Thumb Code    22  stm32f10x_adc.o(.text)
    ADC_RegularChannelConfig                 0x08005f2b   Thumb Code   184  stm32f10x_adc.o(.text)
    ADC_ExternalTrigConvCmd                  0x08005fe3   Thumb Code    22  stm32f10x_adc.o(.text)
    ADC_GetConversionValue                   0x08005ff9   Thumb Code     8  stm32f10x_adc.o(.text)
    ADC_GetDualModeConversionValue           0x08006001   Thumb Code     8  stm32f10x_adc.o(.text)
    ADC_AutoInjectedConvCmd                  0x08006009   Thumb Code    22  stm32f10x_adc.o(.text)
    ADC_InjectedDiscModeCmd                  0x0800601f   Thumb Code    22  stm32f10x_adc.o(.text)
    ADC_ExternalTrigInjectedConvConfig       0x08006035   Thumb Code    16  stm32f10x_adc.o(.text)
    ADC_ExternalTrigInjectedConvCmd          0x08006045   Thumb Code    22  stm32f10x_adc.o(.text)
    ADC_SoftwareStartInjectedConvCmd         0x0800605b   Thumb Code    22  stm32f10x_adc.o(.text)
    ADC_GetSoftwareStartInjectedConvCmdStatus 0x08006071   Thumb Code    20  stm32f10x_adc.o(.text)
    ADC_InjectedChannelConfig                0x08006085   Thumb Code   130  stm32f10x_adc.o(.text)
    ADC_InjectedSequencerLengthConfig        0x08006107   Thumb Code    24  stm32f10x_adc.o(.text)
    ADC_SetInjectedOffset                    0x0800611f   Thumb Code    20  stm32f10x_adc.o(.text)
    ADC_GetInjectedConversionValue           0x08006133   Thumb Code    28  stm32f10x_adc.o(.text)
    ADC_AnalogWatchdogCmd                    0x0800614f   Thumb Code    16  stm32f10x_adc.o(.text)
    ADC_AnalogWatchdogThresholdsConfig       0x0800615f   Thumb Code     6  stm32f10x_adc.o(.text)
    ADC_AnalogWatchdogSingleChannelConfig    0x08006165   Thumb Code    16  stm32f10x_adc.o(.text)
    ADC_TempSensorVrefintCmd                 0x08006175   Thumb Code    64  stm32f10x_adc.o(.text)
    ADC_GetFlagStatus                        0x080061b5   Thumb Code    18  stm32f10x_adc.o(.text)
    ADC_ClearFlag                            0x080061c7   Thumb Code     6  stm32f10x_adc.o(.text)
    ADC_GetITStatus                          0x080061cd   Thumb Code    36  stm32f10x_adc.o(.text)
    ADC_ClearITPendingBit                    0x080061f1   Thumb Code    10  stm32f10x_adc.o(.text)
    TIM_DeInit                               0x080061fd   Thumb Code   424  stm32f10x_tim.o(.text)
    TIM_TimeBaseInit                         0x080063a5   Thumb Code   122  stm32f10x_tim.o(.text)
    TIM_OC1Init                              0x0800641f   Thumb Code   132  stm32f10x_tim.o(.text)
    TIM_OC2Init                              0x080064a3   Thumb Code   154  stm32f10x_tim.o(.text)
    TIM_OC3Init                              0x0800653d   Thumb Code   150  stm32f10x_tim.o(.text)
    TIM_OC4Init                              0x080065d3   Thumb Code   182  stm32f10x_tim.o(.text)
    TIM_SetIC4Prescaler                      0x08006689   Thumb Code    26  stm32f10x_tim.o(.text)
    TIM_SetIC3Prescaler                      0x08006725   Thumb Code    18  stm32f10x_tim.o(.text)
    TIM_SetIC2Prescaler                      0x080067b1   Thumb Code    26  stm32f10x_tim.o(.text)
    TIM_SetIC1Prescaler                      0x0800684d   Thumb Code    18  stm32f10x_tim.o(.text)
    TIM_ICInit                               0x080068cb   Thumb Code   150  stm32f10x_tim.o(.text)
    TIM_PWMIConfig                           0x08006961   Thumb Code   124  stm32f10x_tim.o(.text)
    TIM_BDTRConfig                           0x080069dd   Thumb Code    32  stm32f10x_tim.o(.text)
    TIM_TimeBaseStructInit                   0x080069fd   Thumb Code    18  stm32f10x_tim.o(.text)
    TIM_OCStructInit                         0x08006a0f   Thumb Code    20  stm32f10x_tim.o(.text)
    TIM_ICStructInit                         0x08006a23   Thumb Code    18  stm32f10x_tim.o(.text)
    TIM_BDTRStructInit                       0x08006a35   Thumb Code    40  stm32f10x_tim.o(.text)
    TIM_Cmd                                  0x08006a5d   Thumb Code    24  stm32f10x_tim.o(.text)
    TIM_CtrlPWMOutputs                       0x08006a75   Thumb Code    30  stm32f10x_tim.o(.text)
    TIM_ITConfig                             0x08006a93   Thumb Code    18  stm32f10x_tim.o(.text)
    TIM_GenerateEvent                        0x08006aa5   Thumb Code     4  stm32f10x_tim.o(.text)
    TIM_DMAConfig                            0x08006aa9   Thumb Code    10  stm32f10x_tim.o(.text)
    TIM_DMACmd                               0x08006ab3   Thumb Code    18  stm32f10x_tim.o(.text)
    TIM_InternalClockConfig                  0x08006ac5   Thumb Code    12  stm32f10x_tim.o(.text)
    TIM_SelectInputTrigger                   0x08006ad1   Thumb Code    18  stm32f10x_tim.o(.text)
    TIM_ITRxExternalClockConfig              0x08006ae3   Thumb Code    24  stm32f10x_tim.o(.text)
    TIM_TIxExternalClockConfig               0x08006afb   Thumb Code    62  stm32f10x_tim.o(.text)
    TIM_ETRConfig                            0x08006b39   Thumb Code    28  stm32f10x_tim.o(.text)
    TIM_ETRClockMode1Config                  0x08006b55   Thumb Code    54  stm32f10x_tim.o(.text)
    TIM_ETRClockMode2Config                  0x08006b8b   Thumb Code    32  stm32f10x_tim.o(.text)
    TIM_PrescalerConfig                      0x08006bab   Thumb Code     6  stm32f10x_tim.o(.text)
    TIM_CounterModeConfig                    0x08006bb1   Thumb Code    18  stm32f10x_tim.o(.text)
    TIM_EncoderInterfaceConfig               0x08006bc3   Thumb Code    66  stm32f10x_tim.o(.text)
    TIM_ForcedOC1Config                      0x08006c05   Thumb Code    18  stm32f10x_tim.o(.text)
    TIM_ForcedOC2Config                      0x08006c17   Thumb Code    26  stm32f10x_tim.o(.text)
    TIM_ForcedOC3Config                      0x08006c31   Thumb Code    18  stm32f10x_tim.o(.text)
    TIM_ForcedOC4Config                      0x08006c43   Thumb Code    26  stm32f10x_tim.o(.text)
    TIM_ARRPreloadConfig                     0x08006c5d   Thumb Code    24  stm32f10x_tim.o(.text)
    TIM_SelectCOM                            0x08006c75   Thumb Code    24  stm32f10x_tim.o(.text)
    TIM_SelectCCDMA                          0x08006c8d   Thumb Code    24  stm32f10x_tim.o(.text)
    TIM_CCPreloadControl                     0x08006ca5   Thumb Code    24  stm32f10x_tim.o(.text)
    TIM_OC1PreloadConfig                     0x08006cbd   Thumb Code    18  stm32f10x_tim.o(.text)
    TIM_OC2PreloadConfig                     0x08006ccf   Thumb Code    26  stm32f10x_tim.o(.text)
    TIM_OC3PreloadConfig                     0x08006ce9   Thumb Code    18  stm32f10x_tim.o(.text)
    TIM_OC4PreloadConfig                     0x08006cfb   Thumb Code    26  stm32f10x_tim.o(.text)
    TIM_OC1FastConfig                        0x08006d15   Thumb Code    18  stm32f10x_tim.o(.text)
    TIM_OC2FastConfig                        0x08006d27   Thumb Code    26  stm32f10x_tim.o(.text)
    TIM_OC3FastConfig                        0x08006d41   Thumb Code    18  stm32f10x_tim.o(.text)
    TIM_OC4FastConfig                        0x08006d53   Thumb Code    26  stm32f10x_tim.o(.text)
    TIM_ClearOC1Ref                          0x08006d6d   Thumb Code    18  stm32f10x_tim.o(.text)
    TIM_ClearOC2Ref                          0x08006d7f   Thumb Code    24  stm32f10x_tim.o(.text)
    TIM_ClearOC3Ref                          0x08006d97   Thumb Code    18  stm32f10x_tim.o(.text)
    TIM_ClearOC4Ref                          0x08006da9   Thumb Code    24  stm32f10x_tim.o(.text)
    TIM_OC1PolarityConfig                    0x08006dc1   Thumb Code    18  stm32f10x_tim.o(.text)
    TIM_OC1NPolarityConfig                   0x08006dd3   Thumb Code    18  stm32f10x_tim.o(.text)
    TIM_OC2PolarityConfig                    0x08006de5   Thumb Code    26  stm32f10x_tim.o(.text)
    TIM_OC2NPolarityConfig                   0x08006dff   Thumb Code    26  stm32f10x_tim.o(.text)
    TIM_OC3PolarityConfig                    0x08006e19   Thumb Code    26  stm32f10x_tim.o(.text)
    TIM_OC3NPolarityConfig                   0x08006e33   Thumb Code    26  stm32f10x_tim.o(.text)
    TIM_OC4PolarityConfig                    0x08006e4d   Thumb Code    26  stm32f10x_tim.o(.text)
    TIM_CCxCmd                               0x08006e67   Thumb Code    30  stm32f10x_tim.o(.text)
    TIM_CCxNCmd                              0x08006e85   Thumb Code    30  stm32f10x_tim.o(.text)
    TIM_SelectOCxM                           0x08006ea3   Thumb Code    82  stm32f10x_tim.o(.text)
    TIM_UpdateDisableConfig                  0x08006ef5   Thumb Code    24  stm32f10x_tim.o(.text)
    TIM_UpdateRequestConfig                  0x08006f0d   Thumb Code    24  stm32f10x_tim.o(.text)
    TIM_SelectHallSensor                     0x08006f25   Thumb Code    24  stm32f10x_tim.o(.text)
    TIM_SelectOnePulseMode                   0x08006f3d   Thumb Code    18  stm32f10x_tim.o(.text)
    TIM_SelectOutputTrigger                  0x08006f4f   Thumb Code    18  stm32f10x_tim.o(.text)
    TIM_SelectSlaveMode                      0x08006f61   Thumb Code    18  stm32f10x_tim.o(.text)
    TIM_SelectMasterSlaveMode                0x08006f73   Thumb Code    18  stm32f10x_tim.o(.text)
    TIM_SetCounter                           0x08006f85   Thumb Code     4  stm32f10x_tim.o(.text)
    TIM_SetAutoreload                        0x08006f89   Thumb Code     4  stm32f10x_tim.o(.text)
    TIM_SetCompare1                          0x08006f8d   Thumb Code     4  stm32f10x_tim.o(.text)
    TIM_SetCompare2                          0x08006f91   Thumb Code     4  stm32f10x_tim.o(.text)
    TIM_SetCompare3                          0x08006f95   Thumb Code     4  stm32f10x_tim.o(.text)
    TIM_SetCompare4                          0x08006f99   Thumb Code     6  stm32f10x_tim.o(.text)
    TIM_SetClockDivision                     0x08006f9f   Thumb Code    18  stm32f10x_tim.o(.text)
    TIM_GetCapture1                          0x08006fb1   Thumb Code     6  stm32f10x_tim.o(.text)
    TIM_GetCapture2                          0x08006fb7   Thumb Code     6  stm32f10x_tim.o(.text)
    TIM_GetCapture3                          0x08006fbd   Thumb Code     6  stm32f10x_tim.o(.text)
    TIM_GetCapture4                          0x08006fc3   Thumb Code     8  stm32f10x_tim.o(.text)
    TIM_GetCounter                           0x08006fcb   Thumb Code     6  stm32f10x_tim.o(.text)
    TIM_GetPrescaler                         0x08006fd1   Thumb Code     6  stm32f10x_tim.o(.text)
    TIM_GetFlagStatus                        0x08006fd7   Thumb Code    18  stm32f10x_tim.o(.text)
    TIM_ClearFlag                            0x08006fe9   Thumb Code     6  stm32f10x_tim.o(.text)
    TIM_GetITStatus                          0x08006fef   Thumb Code    34  stm32f10x_tim.o(.text)
    TIM_ClearITPendingBit                    0x08007011   Thumb Code     6  stm32f10x_tim.o(.text)
    __use_no_semihosting                     0x08007017   Thumb Code     2  use_no_semi_2.o(.text)
    __2printf                                0x08007019   Thumb Code    20  noretval__2printf.o(.text)
    _printf_pre_padding                      0x08007031   Thumb Code    44  _printf_pad.o(.text)
    _printf_post_padding                     0x0800705d   Thumb Code    34  _printf_pad.o(.text)
    _printf_truncate_signed                  0x0800707f   Thumb Code    18  _printf_truncate.o(.text)
    _printf_truncate_unsigned                0x08007091   Thumb Code    18  _printf_truncate.o(.text)
    _printf_str                              0x080070a3   Thumb Code    82  _printf_str.o(.text)
    _printf_int_dec                          0x080070f5   Thumb Code   104  _printf_dec.o(.text)
    _printf_charcount                        0x0800716d   Thumb Code    40  _printf_charcount.o(.text)
    _printf_wctomb                           0x08007195   Thumb Code   182  _printf_wctomb.o(.text)
    _printf_int_oct                          0x08007251   Thumb Code    74  _printf_oct_int.o(.text)
    _printf_longlong_oct                     0x08007251   Thumb Code     0  _printf_oct_int.o(.text)
    _printf_longlong_hex                     0x080072a5   Thumb Code    78  _printf_hex_int_ptr.o(.text)
    _printf_int_hex                          0x080072f3   Thumb Code    26  _printf_hex_int_ptr.o(.text)
    _printf_hex_ptr                          0x0800730d   Thumb Code    16  _printf_hex_int_ptr.o(.text)
    __printf                                 0x08007321   Thumb Code   388  __printf_flags_ss_wp.o(.text)
    strcmp                                   0x080074a9   Thumb Code   128  strcmpv7m.o(.text)
    __use_two_region_memory                  0x08007529   Thumb Code     2  heapauxi.o(.text)
    __rt_heap_escrow$2region                 0x0800752b   Thumb Code     2  heapauxi.o(.text)
    __rt_heap_expand$2region                 0x0800752d   Thumb Code     2  heapauxi.o(.text)
    __I$use$semihosting                      0x0800752f   Thumb Code     0  use_no_semi.o(.text)
    __use_no_semihosting_swi                 0x0800752f   Thumb Code     2  use_no_semi.o(.text)
    _printf_int_common                       0x08007531   Thumb Code   178  _printf_intcommon.o(.text)
    _printf_cs_common                        0x080075e3   Thumb Code    20  _printf_char.o(.text)
    _printf_char                             0x080075f7   Thumb Code    16  _printf_char.o(.text)
    _printf_string                           0x08007607   Thumb Code     8  _printf_char.o(.text)
    _printf_char_file                        0x08007611   Thumb Code    32  _printf_char_file.o(.text)
    _printf_lcs_common                       0x08007635   Thumb Code    20  _printf_wchar.o(.text)
    _printf_wchar                            0x08007649   Thumb Code    16  _printf_wchar.o(.text)
    _printf_wstring                          0x08007659   Thumb Code     8  _printf_wchar.o(.text)
    _wcrtomb                                 0x08007661   Thumb Code    64  _wcrtomb.o(.text)
    __rt_ctype_table                         0x080076a1   Thumb Code    16  rt_ctype_table.o(.text)
    _printf_char_common                      0x080076bb   Thumb Code    32  _printf_char_common.o(.text)
    ferror                                   0x080076e1   Thumb Code     8  ferror.o(.text)
    __user_setup_stackheap                   0x080076e9   Thumb Code    74  sys_stackheap_outer.o(.text)
    __rt_locale                              0x08007735   Thumb Code     8  rt_locale_intlibspace.o(.text)
    exit                                     0x0800773d   Thumb Code    12  exit.o(.text)
    __user_libspace                          0x08007749   Thumb Code     8  libspace.o(.text)
    __user_perproc_libspace                  0x08007749   Thumb Code     0  libspace.o(.text)
    __user_perthread_libspace                0x08007749   Thumb Code     0  libspace.o(.text)
    _is_digit                                0x08007751   Thumb Code    14  __printf_wp.o(i._is_digit)
    _get_lc_ctype                            0x08007761   Thumb Code    44  lc_ctype_c.o(locale$$code)
    __aeabi_d2uiz                            0x0800778d   Thumb Code     0  dfixu.o(x$fpl$dfixu)
    _dfixu                                   0x0800778d   Thumb Code    90  dfixu.o(x$fpl$dfixu)
    __aeabi_ui2d                             0x080077e7   Thumb Code     0  dflt_clz.o(x$fpl$dfltu)
    _dfltu                                   0x080077e7   Thumb Code    38  dflt_clz.o(x$fpl$dfltu)
    __aeabi_dmul                             0x0800780d   Thumb Code     0  dmul.o(x$fpl$dmul)
    _dmul                                    0x0800780d   Thumb Code   332  dmul.o(x$fpl$dmul)
    __fpl_dnaninf                            0x08007961   Thumb Code   156  dnaninf.o(x$fpl$dnaninf)
    __fpl_dretinf                            0x080079fd   Thumb Code    12  dretinf.o(x$fpl$dretinf)
    __I$use$fp                               0x08007a08   Number         0  usenofp.o(x$fpl$usenofp)
    asc2_1206                                0x08007a08   Data        1140  lcd.o(.constdata)
    asc2_1608                                0x08007e7c   Data        1520  lcd.o(.constdata)
    asc2_2412                                0x0800846c   Data        3420  lcd.o(.constdata)
    Region$$Table$$Base                      0x0800920c   Number         0  anon$$obj.o(Region$$Table)
    Region$$Table$$Limit                     0x0800922c   Number         0  anon$$obj.o(Region$$Table)
    __ctype                                  0x08009239   Data           0  lc_ctype_c.o(locale$$data)
    keyword                                  0x20000000   Data           4  main.o(.data)
    Angle                                    0x20000004   Data           2  main.o(.data)
    temp                                     0x20000006   Data           2  main.o(.data)
    Angleindex                               0x20000008   Data           1  main.o(.data)
    SystemCoreClock                          0x2000000c   Data           4  system_stm32f10x.o(.data)
    AHBPrescTable                            0x20000010   Data          16  system_stm32f10x.o(.data)
    POINT_COLOR                              0x20000020   Data           2  lcd.o(.data)
    BACK_COLOR                               0x20000022   Data           2  lcd.o(.data)
    FONT_XUAN                                0x20000024   Data          32  lcd.o(.data)
    FONT_ZHUAN                               0x20000044   Data          32  lcd.o(.data)
    FONT_BI                                  0x20000064   Data          32  lcd.o(.data)
    FONT_BAI                                 0x20000084   Data          32  lcd.o(.data)
    FONT_GAN                                 0x200000a4   Data          32  lcd.o(.data)
    FONT_JIAO                                0x200000c4   Data          32  lcd.o(.data)
    FONT_DU                                  0x200000e4   Data          32  lcd.o(.data)
    FONT_MAOHAO                              0x20000104   Data          32  lcd.o(.data)
    C                                        0x20000124   Data           4  key_board.o(.data)
    R                                        0x20000128   Data           4  key_board.o(.data)
    i                                        0x2000012c   Data           1  key_board.o(.data)
    __stdout                                 0x20000134   Data           4  usart.o(.data)
    USART_RX_STA                             0x20000138   Data           2  usart.o(.data)
    angle_buf                                0x20000150   Data         440  main.o(.bss)
    lcddev                                   0x20000308   Data          14  lcd.o(.bss)
    USART_RX_BUF                             0x20000316   Data         200  usart.o(.bss)
    __libspace_start                         0x200003e0   Data          96  libspace.o(.bss)
    __temporary_stack_top$libspace           0x20000440   Data           0  libspace.o(.bss)



==============================================================================

Memory Map of the image

  Image Entry point : 0x08000131

  Load Region LR_IROM1 (Base: 0x08000000, Size: 0x0000948c, Max: 0x00040000, ABSOLUTE, COMPRESSED[0x00009438])

    Execution Region ER_IROM1 (Exec base: 0x08000000, Load base: 0x08000000, Size: 0x0000933c, Max: 0x00040000, ABSOLUTE)

    Exec Addr    Load Addr    Size         Type   Attr      Idx    E Section Name        Object

    0x08000000   0x08000000   0x00000130   Data   RO          383    RESET               startup_stm32f10x_hd.o
    0x08000130   0x08000130   0x00000008   Code   RO          751  * !!!main             c_w.l(__main.o)
    0x08000138   0x08000138   0x00000034   Code   RO          954    !!!scatter          c_w.l(__scatter.o)
    0x0800016c   0x0800016c   0x0000005a   Code   RO          952    !!dczerorl2         c_w.l(__dczerorl2.o)
    0x080001c6   0x080001c6   0x00000002   PAD
    0x080001c8   0x080001c8   0x0000001c   Code   RO          956    !!handler_zi        c_w.l(__scatter_zi.o)
    0x080001e4   0x080001e4   0x00000000   Code   RO          745    .ARM.Collect$$_printf_percent$$00000000  c_w.l(_printf_percent.o)
    0x080001e4   0x080001e4   0x00000006   Code   RO          738    .ARM.Collect$$_printf_percent$$00000001  c_w.l(_printf_n.o)
    0x080001ea   0x080001ea   0x00000006   Code   RO          740    .ARM.Collect$$_printf_percent$$00000002  c_w.l(_printf_p.o)
    0x080001f0   0x080001f0   0x00000006   Code   RO          742    .ARM.Collect$$_printf_percent$$00000008  c_w.l(_printf_i.o)
    0x080001f6   0x080001f6   0x00000006   Code   RO          743    .ARM.Collect$$_printf_percent$$00000009  c_w.l(_printf_d.o)
    0x080001fc   0x080001fc   0x00000006   Code   RO          744    .ARM.Collect$$_printf_percent$$0000000A  c_w.l(_printf_u.o)
    0x08000202   0x08000202   0x00000006   Code   RO          741    .ARM.Collect$$_printf_percent$$0000000B  c_w.l(_printf_o.o)
    0x08000208   0x08000208   0x00000006   Code   RO          739    .ARM.Collect$$_printf_percent$$0000000C  c_w.l(_printf_x.o)
    0x0800020e   0x0800020e   0x0000000a   Code   RO          777    .ARM.Collect$$_printf_percent$$00000012  c_w.l(_printf_l.o)
    0x08000218   0x08000218   0x00000006   Code   RO          736    .ARM.Collect$$_printf_percent$$00000013  c_w.l(_printf_c.o)
    0x0800021e   0x0800021e   0x00000006   Code   RO          737    .ARM.Collect$$_printf_percent$$00000014  c_w.l(_printf_s.o)
    0x08000224   0x08000224   0x00000006   Code   RO          746    .ARM.Collect$$_printf_percent$$00000015  c_w.l(_printf_lc.o)
    0x0800022a   0x0800022a   0x00000004   Code   RO          776    .ARM.Collect$$_printf_percent$$00000017  c_w.l(_printf_percent_end.o)
    0x0800022e   0x0800022e   0x00000002   Code   RO          827    .ARM.Collect$$libinit$$00000000  c_w.l(libinit.o)
    0x08000230   0x08000230   0x00000000   Code   RO          834    .ARM.Collect$$libinit$$00000002  c_w.l(libinit2.o)
    0x08000230   0x08000230   0x00000000   Code   RO          836    .ARM.Collect$$libinit$$00000004  c_w.l(libinit2.o)
    0x08000230   0x08000230   0x00000000   Code   RO          839    .ARM.Collect$$libinit$$0000000A  c_w.l(libinit2.o)
    0x08000230   0x08000230   0x00000000   Code   RO          841    .ARM.Collect$$libinit$$0000000C  c_w.l(libinit2.o)
    0x08000230   0x08000230   0x00000000   Code   RO          843    .ARM.Collect$$libinit$$0000000E  c_w.l(libinit2.o)
    0x08000230   0x08000230   0x00000006   Code   RO          844    .ARM.Collect$$libinit$$0000000F  c_w.l(libinit2.o)
    0x08000236   0x08000236   0x00000000   Code   RO          846    .ARM.Collect$$libinit$$00000011  c_w.l(libinit2.o)
    0x08000236   0x08000236   0x0000000c   Code   RO          847    .ARM.Collect$$libinit$$00000012  c_w.l(libinit2.o)
    0x08000242   0x08000242   0x00000000   Code   RO          848    .ARM.Collect$$libinit$$00000013  c_w.l(libinit2.o)
    0x08000242   0x08000242   0x00000000   Code   RO          850    .ARM.Collect$$libinit$$00000015  c_w.l(libinit2.o)
    0x08000242   0x08000242   0x00000000   Code   RO          852    .ARM.Collect$$libinit$$00000017  c_w.l(libinit2.o)
    0x08000242   0x08000242   0x00000000   Code   RO          854    .ARM.Collect$$libinit$$00000019  c_w.l(libinit2.o)
    0x08000242   0x08000242   0x00000000   Code   RO          856    .ARM.Collect$$libinit$$0000001B  c_w.l(libinit2.o)
    0x08000242   0x08000242   0x00000000   Code   RO          858    .ARM.Collect$$libinit$$0000001D  c_w.l(libinit2.o)
    0x08000242   0x08000242   0x00000000   Code   RO          860    .ARM.Collect$$libinit$$0000001F  c_w.l(libinit2.o)
    0x08000242   0x08000242   0x00000000   Code   RO          862    .ARM.Collect$$libinit$$00000021  c_w.l(libinit2.o)
    0x08000242   0x08000242   0x00000000   Code   RO          864    .ARM.Collect$$libinit$$00000023  c_w.l(libinit2.o)
    0x08000242   0x08000242   0x00000000   Code   RO          866    .ARM.Collect$$libinit$$00000025  c_w.l(libinit2.o)
    0x08000242   0x08000242   0x00000000   Code   RO          870    .ARM.Collect$$libinit$$0000002C  c_w.l(libinit2.o)
    0x08000242   0x08000242   0x00000000   Code   RO          872    .ARM.Collect$$libinit$$0000002E  c_w.l(libinit2.o)
    0x08000242   0x08000242   0x00000000   Code   RO          874    .ARM.Collect$$libinit$$00000030  c_w.l(libinit2.o)
    0x08000242   0x08000242   0x00000000   Code   RO          876    .ARM.Collect$$libinit$$00000032  c_w.l(libinit2.o)
    0x08000242   0x08000242   0x00000002   Code   RO          877    .ARM.Collect$$libinit$$00000033  c_w.l(libinit2.o)
    0x08000244   0x08000244   0x00000002   Code   RO          895    .ARM.Collect$$libshutdown$$00000000  c_w.l(libshutdown.o)
    0x08000246   0x08000246   0x00000000   Code   RO          906    .ARM.Collect$$libshutdown$$00000003  c_w.l(libshutdown2.o)
    0x08000246   0x08000246   0x00000000   Code   RO          909    .ARM.Collect$$libshutdown$$00000006  c_w.l(libshutdown2.o)
    0x08000246   0x08000246   0x00000000   Code   RO          912    .ARM.Collect$$libshutdown$$00000009  c_w.l(libshutdown2.o)
    0x08000246   0x08000246   0x00000000   Code   RO          914    .ARM.Collect$$libshutdown$$0000000B  c_w.l(libshutdown2.o)
    0x08000246   0x08000246   0x00000000   Code   RO          917    .ARM.Collect$$libshutdown$$0000000E  c_w.l(libshutdown2.o)
    0x08000246   0x08000246   0x00000002   Code   RO          918    .ARM.Collect$$libshutdown$$0000000F  c_w.l(libshutdown2.o)
    0x08000248   0x08000248   0x00000000   Code   RO          767    .ARM.Collect$$rtentry$$00000000  c_w.l(__rtentry.o)
    0x08000248   0x08000248   0x00000000   Code   RO          786    .ARM.Collect$$rtentry$$00000002  c_w.l(__rtentry2.o)
    0x08000248   0x08000248   0x00000006   Code   RO          798    .ARM.Collect$$rtentry$$00000004  c_w.l(__rtentry4.o)
    0x0800024e   0x0800024e   0x00000000   Code   RO          788    .ARM.Collect$$rtentry$$00000009  c_w.l(__rtentry2.o)
    0x0800024e   0x0800024e   0x00000004   Code   RO          789    .ARM.Collect$$rtentry$$0000000A  c_w.l(__rtentry2.o)
    0x08000252   0x08000252   0x00000000   Code   RO          791    .ARM.Collect$$rtentry$$0000000C  c_w.l(__rtentry2.o)
    0x08000252   0x08000252   0x00000008   Code   RO          792    .ARM.Collect$$rtentry$$0000000D  c_w.l(__rtentry2.o)
    0x0800025a   0x0800025a   0x00000002   Code   RO          831    .ARM.Collect$$rtexit$$00000000  c_w.l(rtexit.o)
    0x0800025c   0x0800025c   0x00000000   Code   RO          879    .ARM.Collect$$rtexit$$00000002  c_w.l(rtexit2.o)
    0x0800025c   0x0800025c   0x00000004   Code   RO          880    .ARM.Collect$$rtexit$$00000003  c_w.l(rtexit2.o)
    0x08000260   0x08000260   0x00000006   Code   RO          881    .ARM.Collect$$rtexit$$00000004  c_w.l(rtexit2.o)
    0x08000266   0x08000266   0x00000002   PAD
    0x08000268   0x08000268   0x00000354   Code   RO            1    .text               main.o
    0x080005bc   0x080005bc   0x0000001a   Code   RO          147    .text               stm32f10x_it.o
    0x080005d6   0x080005d6   0x00000002   PAD
    0x080005d8   0x080005d8   0x000001e0   Code   RO          188    .text               system_stm32f10x.o
    0x080007b8   0x080007b8   0x00000050   Code   RO          206    .text               led.o
    0x08000808   0x08000808   0x000040f4   Code   RO          218    .text               lcd.o
    0x080048fc   0x080048fc   0x000001bc   Code   RO          251    .text               adc.o
    0x08004ab8   0x08004ab8   0x00000124   Code   RO          263    .text               encoder.o
    0x08004bdc   0x08004bdc   0x00000108   Code   RO          275    .text               motor.o
    0x08004ce4   0x08004ce4   0x00000290   Code   RO          302    .text               key_board.o
    0x08004f74   0x08004f74   0x000000d4   Code   RO          317    .text               delay.o
    0x08005048   0x08005048   0x00000140   Code   RO          348    .text               usart.o
    0x08005188   0x08005188   0x00000040   Code   RO          384    .text               startup_stm32f10x_hd.o
    0x080051c8   0x080051c8   0x0000035c   Code   RO          388    .text               stm32f10x_gpio.o
    0x08005524   0x08005524   0x000003a4   Code   RO          400    .text               stm32f10x_rcc.o
    0x080058c8   0x080058c8   0x00000408   Code   RO          414    .text               stm32f10x_usart.o
    0x08005cd0   0x08005cd0   0x000000dc   Code   RO          426    .text               misc.o
    0x08005dac   0x08005dac   0x0000044e   Code   RO          438    .text               stm32f10x_adc.o
    0x080061fa   0x080061fa   0x00000002   PAD
    0x080061fc   0x080061fc   0x00000e1a   Code   RO          630    .text               stm32f10x_tim.o
    0x08007016   0x08007016   0x00000002   Code   RO          668    .text               c_w.l(use_no_semi_2.o)
    0x08007018   0x08007018   0x00000018   Code   RO          672    .text               c_w.l(noretval__2printf.o)
    0x08007030   0x08007030   0x0000004e   Code   RO          676    .text               c_w.l(_printf_pad.o)
    0x0800707e   0x0800707e   0x00000024   Code   RO          678    .text               c_w.l(_printf_truncate.o)
    0x080070a2   0x080070a2   0x00000052   Code   RO          680    .text               c_w.l(_printf_str.o)
    0x080070f4   0x080070f4   0x00000078   Code   RO          682    .text               c_w.l(_printf_dec.o)
    0x0800716c   0x0800716c   0x00000028   Code   RO          684    .text               c_w.l(_printf_charcount.o)
    0x08007194   0x08007194   0x000000bc   Code   RO          686    .text               c_w.l(_printf_wctomb.o)
    0x08007250   0x08007250   0x00000054   Code   RO          691    .text               c_w.l(_printf_oct_int.o)
    0x080072a4   0x080072a4   0x0000007c   Code   RO          707    .text               c_w.l(_printf_hex_int_ptr.o)
    0x08007320   0x08007320   0x00000188   Code   RO          733    .text               c_w.l(__printf_flags_ss_wp.o)
    0x080074a8   0x080074a8   0x00000080   Code   RO          747    .text               c_w.l(strcmpv7m.o)
    0x08007528   0x08007528   0x00000006   Code   RO          749    .text               c_w.l(heapauxi.o)
    0x0800752e   0x0800752e   0x00000002   Code   RO          765    .text               c_w.l(use_no_semi.o)
    0x08007530   0x08007530   0x000000b2   Code   RO          768    .text               c_w.l(_printf_intcommon.o)
    0x080075e2   0x080075e2   0x0000002c   Code   RO          770    .text               c_w.l(_printf_char.o)
    0x0800760e   0x0800760e   0x00000002   PAD
    0x08007610   0x08007610   0x00000024   Code   RO          772    .text               c_w.l(_printf_char_file.o)
    0x08007634   0x08007634   0x0000002c   Code   RO          774    .text               c_w.l(_printf_wchar.o)
    0x08007660   0x08007660   0x00000040   Code   RO          778    .text               c_w.l(_wcrtomb.o)
    0x080076a0   0x080076a0   0x00000010   Code   RO          800    .text               c_w.l(rt_ctype_table.o)
    0x080076b0   0x080076b0   0x00000030   Code   RO          802    .text               c_w.l(_printf_char_common.o)
    0x080076e0   0x080076e0   0x00000008   Code   RO          804    .text               c_w.l(ferror.o)
    0x080076e8   0x080076e8   0x0000004a   Code   RO          808    .text               c_w.l(sys_stackheap_outer.o)
    0x08007732   0x08007732   0x00000002   PAD
    0x08007734   0x08007734   0x00000008   Code   RO          813    .text               c_w.l(rt_locale_intlibspace.o)
    0x0800773c   0x0800773c   0x0000000c   Code   RO          820    .text               c_w.l(exit.o)
    0x08007748   0x08007748   0x00000008   Code   RO          828    .text               c_w.l(libspace.o)
    0x08007750   0x08007750   0x0000000e   Code   RO          726    i._is_digit         c_w.l(__printf_wp.o)
    0x0800775e   0x0800775e   0x00000002   PAD
    0x08007760   0x08007760   0x0000002c   Code   RO          818    locale$$code        c_w.l(lc_ctype_c.o)
    0x0800778c   0x0800778c   0x0000005a   Code   RO          753    x$fpl$dfixu         fz_ws.l(dfixu.o)
    0x080077e6   0x080077e6   0x00000026   Code   RO          757    x$fpl$dfltu         fz_ws.l(dflt_clz.o)
    0x0800780c   0x0800780c   0x00000154   Code   RO          763    x$fpl$dmul          fz_ws.l(dmul.o)
    0x08007960   0x08007960   0x0000009c   Code   RO          780    x$fpl$dnaninf       fz_ws.l(dnaninf.o)
    0x080079fc   0x080079fc   0x0000000c   Code   RO          782    x$fpl$dretinf       fz_ws.l(dretinf.o)
    0x08007a08   0x08007a08   0x00000000   Code   RO          784    x$fpl$usenofp       fz_ws.l(usenofp.o)
    0x08007a08   0x08007a08   0x000017c0   Data   RO          220    .constdata          lcd.o
    0x080091c8   0x080091c8   0x00000008   Data   RO          687    .constdata          c_w.l(_printf_wctomb.o)
    0x080091d0   0x080091d0   0x00000028   Data   RO          708    .constdata          c_w.l(_printf_hex_int_ptr.o)
    0x080091f8   0x080091f8   0x00000011   Data   RO          734    .constdata          c_w.l(__printf_flags_ss_wp.o)
    0x08009209   0x08009209   0x00000003   PAD
    0x0800920c   0x0800920c   0x00000020   Data   RO          950    Region$$Table       anon$$obj.o
    0x0800922c   0x0800922c   0x00000110   Data   RO          817    locale$$data        c_w.l(lc_ctype_c.o)


    Execution Region RW_IRAM1 (Exec base: 0x20000000, Load base: 0x0800933c, Size: 0x00000a40, Max: 0x0000c000, ABSOLUTE, COMPRESSED[0x000000fc])

    Exec Addr    Load Addr    Size         Type   Attr      Idx    E Section Name        Object

    0x20000000   COMPRESSED   0x00000009   Data   RW            3    .data               main.o
    0x20000009   COMPRESSED   0x00000003   PAD
    0x2000000c   COMPRESSED   0x00000014   Data   RW          189    .data               system_stm32f10x.o
    0x20000020   COMPRESSED   0x00000104   Data   RW          221    .data               lcd.o
    0x20000124   COMPRESSED   0x0000000a   Data   RW          303    .data               key_board.o
    0x2000012e   COMPRESSED   0x00000004   Data   RW          318    .data               delay.o
    0x20000132   COMPRESSED   0x00000002   PAD
    0x20000134   COMPRESSED   0x00000006   Data   RW          350    .data               usart.o
    0x2000013a   COMPRESSED   0x00000014   Data   RW          401    .data               stm32f10x_rcc.o
    0x2000014e   COMPRESSED   0x00000002   PAD
    0x20000150        -       0x000001b8   Zero   RW            2    .bss                main.o
    0x20000308        -       0x0000000e   Zero   RW          219    .bss                lcd.o
    0x20000316        -       0x000000c8   Zero   RW          349    .bss                usart.o
    0x200003de   COMPRESSED   0x00000002   PAD
    0x200003e0        -       0x00000060   Zero   RW          829    .bss                c_w.l(libspace.o)
    0x20000440        -       0x00000200   Zero   RW          382    HEAP                startup_stm32f10x_hd.o
    0x20000640        -       0x00000400   Zero   RW          381    STACK               startup_stm32f10x_hd.o


==============================================================================

Image component sizes


      Code (inc. data)   RO Data    RW Data    ZI Data      Debug   Object Name

       444          8          0          0          0       1782   adc.o
       212         18          0          4          0        963   delay.o
       292         18          0          0          0       1097   encoder.o
       656         18          0         10          0       1304   key_board.o
     16628        232       6080        260         14      21295   lcd.o
        80          8          0          0          0        467   led.o
       852        104          0          9        440     263445   main.o
       220         22          0          0          0       1737   misc.o
       264         12          0          0          0        881   motor.o
        64         26        304          0       1536        764   startup_stm32f10x_hd.o
      1102         26          0          0          0      10773   stm32f10x_adc.o
       860         38          0          0          0       5585   stm32f10x_gpio.o
        26          0          0          0          0       1150   stm32f10x_it.o
       932         36          0         20          0       8728   stm32f10x_rcc.o
      3610         88          0          0          0      22068   stm32f10x_tim.o
      1032         22          0          0          0       8308   stm32f10x_usart.o
         0          0          0          0          0         32   sys.o
       480         38          0         20          0       1647   system_stm32f10x.o
       320         18          0          6        200       3054   usart.o

    ----------------------------------------------------------------------
     28078        732       6416        336       2192     355080   Object Totals
         0          0         32          0          0          0   (incl. Generated)
         4          0          0          7          2          0   (incl. Padding)

    ----------------------------------------------------------------------

      Code (inc. data)   RO Data    RW Data    ZI Data      Debug   Library Member Name

        90          0          0          0          0          0   __dczerorl2.o
         8          0          0          0          0         68   __main.o
       392          4         17          0          0         92   __printf_flags_ss_wp.o
        14          0          0          0          0         68   __printf_wp.o
         0          0          0          0          0          0   __rtentry.o
        12          0          0          0          0          0   __rtentry2.o
         6          0          0          0          0          0   __rtentry4.o
        52          8          0          0          0          0   __scatter.o
        28          0          0          0          0          0   __scatter_zi.o
         6          0          0          0          0          0   _printf_c.o
        44          0          0          0          0        108   _printf_char.o
        48          6          0          0          0         96   _printf_char_common.o
        36          4          0          0          0         80   _printf_char_file.o
        40          0          0          0          0         68   _printf_charcount.o
         6          0          0          0          0          0   _printf_d.o
       120         16          0          0          0         92   _printf_dec.o
       124          4         40          0          0        144   _printf_hex_int_ptr.o
         6          0          0          0          0          0   _printf_i.o
       178          0          0          0          0         88   _printf_intcommon.o
        10          0          0          0          0          0   _printf_l.o
         6          0          0          0          0          0   _printf_lc.o
         6          0          0          0          0          0   _printf_n.o
         6          0          0          0          0          0   _printf_o.o
        84         10          0          0          0         88   _printf_oct_int.o
         6          0          0          0          0          0   _printf_p.o
        78          0          0          0          0        108   _printf_pad.o
         0          0          0          0          0          0   _printf_percent.o
         4          0          0          0          0          0   _printf_percent_end.o
         6          0          0          0          0          0   _printf_s.o
        82          0          0          0          0         80   _printf_str.o
        36          0          0          0          0         84   _printf_truncate.o
         6          0          0          0          0          0   _printf_u.o
        44          0          0          0          0        108   _printf_wchar.o
       188          6          8          0          0         92   _printf_wctomb.o
         6          0          0          0          0          0   _printf_x.o
        64          0          0          0          0         92   _wcrtomb.o
        12          0          0          0          0         72   exit.o
         8          0          0          0          0         68   ferror.o
         6          0          0          0          0        152   heapauxi.o
        44         10        272          0          0         76   lc_ctype_c.o
         2          0          0          0          0          0   libinit.o
        20          0          0          0          0          0   libinit2.o
         2          0          0          0          0          0   libshutdown.o
         2          0          0          0          0          0   libshutdown2.o
         8          4          0          0         96         68   libspace.o
        24          4          0          0          0         84   noretval__2printf.o
        16          4          0          0          0         76   rt_ctype_table.o
         8          4          0          0          0         68   rt_locale_intlibspace.o
         2          0          0          0          0          0   rtexit.o
        10          0          0          0          0          0   rtexit2.o
       128          0          0          0          0         68   strcmpv7m.o
        74          0          0          0          0         80   sys_stackheap_outer.o
         2          0          0          0          0         68   use_no_semi.o
         2          0          0          0          0         68   use_no_semi_2.o
        90          4          0          0          0         92   dfixu.o
        38          0          0          0          0         68   dflt_clz.o
       340         12          0          0          0        104   dmul.o
       156          4          0          0          0         92   dnaninf.o
        12          0          0          0          0         68   dretinf.o
         0          0          0          0          0          0   usenofp.o

    ----------------------------------------------------------------------
      2858        104        340          0         96       2928   Library Totals
        10          0          3          0          0          0   (incl. Padding)

    ----------------------------------------------------------------------

      Code (inc. data)   RO Data    RW Data    ZI Data      Debug   Library Name

      2212         84        337          0         96       2504   c_w.l
       636         20          0          0          0        424   fz_ws.l

    ----------------------------------------------------------------------
      2858        104        340          0         96       2928   Library Totals

    ----------------------------------------------------------------------

==============================================================================


      Code (inc. data)   RO Data    RW Data    ZI Data      Debug   

     30936        836       6756        336       2288     354988   Grand Totals
     30936        836       6756        252       2288     354988   ELF Image Totals (compressed)
     30936        836       6756        252          0          0   ROM Totals

==============================================================================

    Total RO  Size (Code + RO Data)                37692 (  36.81kB)
    Total RW  Size (RW Data + ZI Data)              2624 (   2.56kB)
    Total ROM Size (Code + RO Data + RW Data)      37944 (  37.05kB)

==============================================================================

